******************************************************************************
                  TI ARM Linker Unix v5.1.8                    
******************************************************************************
>> Linked Tue Feb 10 13:36:24 2015

OUTPUT FILE NAME:   <freertos_demo.out>
ENTRY POINT SYMBOL: "_c_int00"  address: 000015f1


MEMORY CONFIGURATION

         name            origin    length      used     unused   attr    fill
----------------------  --------  ---------  --------  --------  ----  --------
  FLASH                 00000000   00100000  00001d68  000fe298  R  X
  SRAM                  20000000   00040000  00007940  000386c0  RW X


SEGMENT ALLOCATION MAP

run origin  load origin   length   init length attrs members
----------  ----------- ---------- ----------- ----- -------
00000000    00000000    00001d68   00001d68    r-x
  00000000    00000000    00000208   00000208    r-- .intvecs
  00000208    00000208    00001910   00001910    r-x .text
  00001b18    00001b18    00000208   00000208    r-- .const
  00001d20    00001d20    00000048   00000048    r-- .cinit
20000000    20000000    00007940   00000000    rw-
  20000000    20000000    000076e8   00000000    rw- .bss
  200076e8    200076e8    00000200   00000000    rw- .stack
  200078e8    200078e8    00000058   00000000    rw- .data


SECTION ALLOCATION MAP

 output                                  attributes/
section   page    origin      length       input sections
--------  ----  ----------  ----------   ----------------
.intvecs   0    00000000    00000208     
                  00000000    00000208     tm4c1294ncpdt_startup_ccs.obj (.intvecs)

.init_array 
*          0    00000000    00000000     UNINITIALIZED

.text      0    00000208    00001910     
                  00000208    0000020a     uartstdio.obj (.text:UARTvprintf)
                  00000412    00000002     tm4c1294ncpdt_startup_ccs.obj (.text:FaultISR)
                  00000414    000001fc     driverlib.lib : sysctl.obj (.text:SysCtlClockFreqSet)
                  00000610    00000120     tasks.obj (.text:xTaskIncrementTick)
                  00000730    0000010c     test_task.obj (.text:TESTTask)
                  0000083c    000000fc     queue.obj (.text:xQueueGenericReceive)
                  00000938    000000dc     tasks.obj (.text:xTaskGenericCreate)
                  00000a14    000000dc     tasks.obj (.text:xTaskResumeAll)
                  00000af0    000000cc     queue.obj (.text:xQueueGenericSend)
                  00000bbc    000000c0     test_task.obj (.text:TestTaskInit)
                  00000c7c    000000a6     portasm.obj (.text)
                  00000d22    0000009c     rtsv7M4_T_le_v4SPD16_eabi.lib : memcpy_t2.obj (.text)
                  00000dbe    00000002     tm4c1294ncpdt_startup_ccs.obj (.text:IntDefaultHandler)
                  00000dc0    0000009c     tasks.obj (.text:vTaskSwitchContext)
                  00000e5c    00000094     rtsv7M4_T_le_v4SPD16_eabi.lib : auto_init.obj (.text)
                  00000ef0    00000080     freertos_demo.obj (.text:main)
                  00000f70    0000007a     rtsv7M4_T_le_v4SPD16_eabi.lib : memset_t2.obj (.text)
                  00000fea    00000002     tm4c1294ncpdt_startup_ccs.obj (.text:NmiSR)
                  00000fec    00000074     tasks.obj (.text:xTaskRemoveFromEventList)
                  00001060    00000070     queue.obj (.text:prvCopyDataToQueue)
                  000010d0    00000070     tasks.obj (.text:vTaskPriorityInherit)
                  00001140    00000068     tasks.obj (.text:prvInitialiseTaskLists)
                  000011a8    00000064     freertos_demo.obj (.text:ConfigureUART)
                  0000120c    00000062     queue.obj (.text:prvUnlockQueue)
                  0000126e    0000005e     rtsv7M4_T_le_v4SPD16_eabi.lib : copy_decompress_rle.obj (.text)
                  000012cc    0000005c     tasks.obj (.text:xTaskCheckForTimeOut)
                  00001328    00000058     uartstdio.obj (.text:UARTStdioConfig)
                  00001380    00000054     tasks.obj (.text:prvCheckTasksWaitingTermination)
                  000013d4    00000054     tasks.obj (.text:vTaskDelayUntil)
                  00001428    00000050     tasks.obj (.text:prvAddCurrentTaskToDelayedList)
                  00001478    00000050     heap_1.obj (.text:pvPortMalloc)
                  000014c8    0000004c     tasks.obj (.text:vTaskPriorityDisinherit)
                  00001514    0000004c     queue.obj (.text:xQueueCreateMutex)
                  00001560    00000048     uartstdio.obj (.text:UARTwrite)
                  000015a8    00000048     driverlib.lib : sysctl.obj (.text:_SysCtlFrequencyGet)
                  000015f0    00000048     rtsv7M4_T_le_v4SPD16_eabi.lib : boot.obj (.text)
                  00001638    00000048     tasks.obj (.text:vTaskStartScheduler)
                  00001680    00000044     tasks.obj (.text:prvInitialiseTCBVariables)
                  000016c4    00000044     rtsv7M4_T_le_v4SPD16_eabi.lib : cpy_tbl.obj (.text)
                  00001708    00000044                                   : exit.obj (.text)
                  0000174c    00000044     tasks.obj (.text:vTaskPlaceOnEventList)
                  00001790    00000042     rtsv7M4_T_le_v4SPD16_eabi.lib : u_divt2.obj (.text)
                  000017d2    00000002     freertos_demo.obj (.text:vApplicationStackOverflowHook)
                  000017d4    00000040     port.obj (.text:xPortStartScheduler)
                  00001814    00000036     tasks.obj (.text:prvAllocateTCBAndStack)
                  0000184a    00000032     list.obj (.text:vListInsert)
                  0000187c    00000028     test_task.obj (.text:delayFiveMicroseconds)
                  000018a4    00000026     queue.obj (.text:prvCopyDataFromQueue)
                  000018ca    00000026     list.obj (.text:uxListRemove)
                  000018f0    00000022     port.obj (.text:pxPortInitialiseStack)
                  00001912    00000022     rtsv7M4_T_le_v4SPD16_eabi.lib : memcmp.obj (.text)
                  00001934    00000020     port.obj (.text:xPortSysTickHandler)
                  00001954    0000001e     queue.obj (.text:prvIsQueueFull)
                  00001972    00000002     heap_1.obj (.text:vPortFree)
                  00001974    0000001c     driverlib.lib : sysctl.obj (.text:_SysCtlMemTimingGet)
                  00001990    0000001a     uartstdio.obj (.text:UARTprintf)
                  000019aa    0000001a     queue.obj (.text:prvIsQueueEmpty)
                  000019c4    00000018     rtsv7M4_T_le_v4SPD16_eabi.lib : args_main.obj (.text)
                  000019dc    00000018     list.obj (.text:vListInsertEnd)
                  000019f4    00000018     tasks.obj (.text:vTaskSetTimeOutState)
                  00001a0c    00000018     tasks.obj (.text:xTaskGetTickCount)
                  00001a24    00000016     list.obj (.text:vListInitialise)
                  00001a3a    00000002     --HOLE-- [fill = 0]
                  00001a3c    00000014     port.obj (.text:prvSetupTimerInterrupt)
                  00001a50    00000014     rtsv7M4_T_le_v4SPD16_eabi.lib : _lock.obj (.text)
                  00001a64    00000014     port.obj (.text:vPortEnterCritical)
                  00001a78    00000014     port.obj (.text:vPortExitCritical)
                  00001a8c    00000012     rtsv7M4_T_le_v4SPD16_eabi.lib : copy_zero_init.obj (.text:decompress:ZI)
                  00001a9e    00000012     tasks.obj (.text:prvDeleteTCB)
                  00001ab0    00000010     port.obj (.text:vPortYield)
                  00001ac0    00000010     tasks.obj (.text:vTaskSuspendAll)
                  00001ad0    0000000e     rtsv7M4_T_le_v4SPD16_eabi.lib : copy_decompress_none.obj (.text:decompress:none)
                  00001ade    00000002     --HOLE-- [fill = 0]
                  00001ae0    0000000c     tasks.obj (.text:vTaskMissedYield)
                  00001aec    0000000c     tasks.obj (.text:xTaskGetCurrentTaskHandle)
                  00001af8    00000008     tasks.obj (.text:prvIdleTask)
                  00001b00    00000006     tm4c1294ncpdt_startup_ccs.obj (.text:ResetISR)
                  00001b06    00000006     driverlib.lib : uart.obj (.text:UARTClockSourceSet)
                  00001b0c    00000006     rtsv7M4_T_le_v4SPD16_eabi.lib : copy_decompress_rle.obj (.text:decompress:rle24)
                  00001b12    00000006     list.obj (.text:vListInitialiseItem)

.const     0    00001b18    00000208     
                  00001b18    00000120     driverlib.lib : sysctl.obj (.const:g_pppui32XTALtoVCO)
                  00001c38    0000006c                   : sysctl.obj (.const:g_pui32Xtals)
                  00001ca4    00000030                   : sysctl.obj (.const:g_sXTALtoMEMTIM)
                  00001cd4    0000001c     uartstdio.obj (.const)
                  00001cf0    00000014     tasks.obj (.const:.string)
                  00001d04    00000012     uartstdio.obj (.const:.string)
                  00001d16    00000002     --HOLE-- [fill = 0]
                  00001d18    00000008     driverlib.lib : sysctl.obj (.const)

.cinit     0    00001d20    00000048     
                  00001d20    0000001e     (.cinit..data.load) [load image, compression = rle]
                  00001d3e    00000002     --HOLE-- [fill = 0]
                  00001d40    0000000c     (__TI_handler_table)
                  00001d4c    00000004     --HOLE-- [fill = 0]
                  00001d50    00000008     (.cinit..bss.load) [load image, compression = zero_init]
                  00001d58    00000010     (__TI_cinit_table)

.bss       0    20000000    000076e8     UNINITIALIZED
                  20000000    00007530     heap_1.obj (.bss:ucHeap)
                  20007530    00000140     tasks.obj (.bss:pxReadyTasksLists)
                  20007670    00000014     (.common:xDelayedTaskList1)
                  20007684    00000014     (.common:xDelayedTaskList2)
                  20007698    00000014     (.common:xPendingReadyList)
                  200076ac    00000014     (.common:xSuspendedTaskList)
                  200076c0    00000014     (.common:xTasksWaitingTermination)
                  200076d4    00000004     (.common:g_pUARTSemaphore)
                  200076d8    00000004     (.common:g_ui32PulseLengthTicks)
                  200076dc    00000004     (.common:g_ui32SysClock)
                  200076e0    00000004     (.common:pxDelayedTaskList)
                  200076e4    00000004     (.common:pxOverflowDelayedTaskList)

.stack     0    200076e8    00000200     UNINITIALIZED
                  200076e8    00000200     --HOLE--

.data      0    200078e8    00000058     UNINITIALIZED
                  200078e8    00000030     tasks.obj (.data)
                  20007918    00000008     heap_1.obj (.data)
                  20007920    00000008     rtsv7M4_T_le_v4SPD16_eabi.lib : _lock.obj (.data)
                  20007928    00000008                                   : exit.obj (.data)
                  20007930    00000005     uartstdio.obj (.data)
                  20007935    00000003     --HOLE--
                  20007938    00000004     port.obj (.data)
                  2000793c    00000004     rtsv7M4_T_le_v4SPD16_eabi.lib : stkdepth_vars.obj (.data)


LINKER GENERATED COPY TABLES

__TI_cinit_table @ 00001d58 records: 2, size/record: 8, table size: 16
	.data: load addr=00001d20, load size=0000001e bytes, run addr=200078e8, run size=00000058 bytes, compression=rle
	.bss: load addr=00001d50, load size=00000008 bytes, run addr=20000000, run size=000076e8 bytes, compression=zero_init


LINKER GENERATED HANDLER TABLE

__TI_handler_table @ 00001d40 records: 3, size/record: 4, table size: 12
	index: 0, handler: __TI_decompress_rle24
	index: 1, handler: __TI_decompress_none
	index: 2, handler: __TI_zero_init


GLOBAL SYMBOLS: SORTED ALPHABETICALLY BY Name 

address    name
--------   ----
00001709   C$$EXIT
000011a9   ConfigureUART
00001b01   ResetISR
UNDEFED    SHT$$INIT_ARRAY$$Base
UNDEFED    SHT$$INIT_ARRAY$$Limit
00000415   SysCtlClockFreqSet
00000bbd   TestTaskInit
00001b07   UARTClockSourceSet
00001329   UARTStdioConfig
00001991   UARTprintf
00000209   UARTvprintf
00001561   UARTwrite
200078e8   __STACK_END
00000200   __STACK_SIZE
200078e8   __STACK_TOP
00001d58   __TI_CINIT_Base
00001d68   __TI_CINIT_Limit
00001d40   __TI_Handler_Table_Base
00001d4c   __TI_Handler_Table_Limit
00000001   __TI_args_main
00000e5d   __TI_auto_init
20007928   __TI_cleanup_ptr
00001ad1   __TI_decompress_none
00001b0d   __TI_decompress_rle24
2000792c   __TI_dtors_ptr
00000000   __TI_static_base__
00001a8d   __TI_zero_init
00000f71   __aeabi_memclr
00000f71   __aeabi_memclr4
00000f71   __aeabi_memclr8
00000d23   __aeabi_memcpy
00000d23   __aeabi_memcpy4
00000d23   __aeabi_memcpy8
00000f73   __aeabi_memset
00000f73   __aeabi_memset4
00000f73   __aeabi_memset8
00001791   __aeabi_uidivmod
ffffffff   __binit__
ffffffff   __c_args__
200076e8   __stack
000019c5   _args_main
000015f1   _c_int00
20007920   _lock
00001a5f   _nop
00001a57   _register_lock
00001a51   _register_unlock
20007924   _unlock
0000170d   abort
ffffffff   binit
000016c5   copy_in
0000187d   delayFiveMicroseconds
00001715   exit
200076d4   g_pUARTSemaphore
00000000   g_pfnVectors
200076d8   g_ui32PulseLengthTicks
200076dc   g_ui32SysClock
00000ef1   main
2000793c   main_func_sp
00001913   memcmp
00000d23   memcpy
00000f79   memset
00001479   pvPortMalloc
200078e8   pxCurrentTCB
000018f1   pxPortInitialiseStack
000018cb   uxListRemove
000017d3   vApplicationStackOverflowHook
00001a25   vListInitialise
00001b13   vListInitialiseItem
0000184b   vListInsert
000019dd   vListInsertEnd
00000cd9   vPortClearInterruptMask
00000d11   vPortEnableVFP
00001a65   vPortEnterCritical
00001a79   vPortExitCritical
00001973   vPortFree
00000ce3   vPortSVCHandler
00000ccf   vPortSetInterruptMask
00000cfd   vPortStartFirstTask
00001ab1   vPortYield
000013d5   vTaskDelayUntil
00001ae1   vTaskMissedYield
0000174d   vTaskPlaceOnEventList
000014c9   vTaskPriorityDisinherit
000010d1   vTaskPriorityInherit
000019f5   vTaskSetTimeOutState
00001639   vTaskStartScheduler
00001ac1   vTaskSuspendAll
00000dc1   vTaskSwitchContext
00000c81   xPortPendSVHandler
000017d5   xPortStartScheduler
00001935   xPortSysTickHandler
00001515   xQueueCreateMutex
0000083d   xQueueGenericReceive
00000af1   xQueueGenericSend
000012cd   xTaskCheckForTimeOut
00000939   xTaskGenericCreate
00001aed   xTaskGetCurrentTaskHandle
00001a0d   xTaskGetTickCount
00000611   xTaskIncrementTick
00000fed   xTaskRemoveFromEventList
00000a15   xTaskResumeAll


GLOBAL SYMBOLS: SORTED BY Symbol Address 

address    name
--------   ----
00000000   __TI_static_base__
00000000   g_pfnVectors
00000001   __TI_args_main
00000200   __STACK_SIZE
00000209   UARTvprintf
00000415   SysCtlClockFreqSet
00000611   xTaskIncrementTick
0000083d   xQueueGenericReceive
00000939   xTaskGenericCreate
00000a15   xTaskResumeAll
00000af1   xQueueGenericSend
00000bbd   TestTaskInit
00000c81   xPortPendSVHandler
00000ccf   vPortSetInterruptMask
00000cd9   vPortClearInterruptMask
00000ce3   vPortSVCHandler
00000cfd   vPortStartFirstTask
00000d11   vPortEnableVFP
00000d23   __aeabi_memcpy
00000d23   __aeabi_memcpy4
00000d23   __aeabi_memcpy8
00000d23   memcpy
00000dc1   vTaskSwitchContext
00000e5d   __TI_auto_init
00000ef1   main
00000f71   __aeabi_memclr
00000f71   __aeabi_memclr4
00000f71   __aeabi_memclr8
00000f73   __aeabi_memset
00000f73   __aeabi_memset4
00000f73   __aeabi_memset8
00000f79   memset
00000fed   xTaskRemoveFromEventList
000010d1   vTaskPriorityInherit
000011a9   ConfigureUART
000012cd   xTaskCheckForTimeOut
00001329   UARTStdioConfig
000013d5   vTaskDelayUntil
00001479   pvPortMalloc
000014c9   vTaskPriorityDisinherit
00001515   xQueueCreateMutex
00001561   UARTwrite
000015f1   _c_int00
00001639   vTaskStartScheduler
000016c5   copy_in
00001709   C$$EXIT
0000170d   abort
00001715   exit
0000174d   vTaskPlaceOnEventList
00001791   __aeabi_uidivmod
000017d3   vApplicationStackOverflowHook
000017d5   xPortStartScheduler
0000184b   vListInsert
0000187d   delayFiveMicroseconds
000018cb   uxListRemove
000018f1   pxPortInitialiseStack
00001913   memcmp
00001935   xPortSysTickHandler
00001973   vPortFree
00001991   UARTprintf
000019c5   _args_main
000019dd   vListInsertEnd
000019f5   vTaskSetTimeOutState
00001a0d   xTaskGetTickCount
00001a25   vListInitialise
00001a51   _register_unlock
00001a57   _register_lock
00001a5f   _nop
00001a65   vPortEnterCritical
00001a79   vPortExitCritical
00001a8d   __TI_zero_init
00001ab1   vPortYield
00001ac1   vTaskSuspendAll
00001ad1   __TI_decompress_none
00001ae1   vTaskMissedYield
00001aed   xTaskGetCurrentTaskHandle
00001b01   ResetISR
00001b07   UARTClockSourceSet
00001b0d   __TI_decompress_rle24
00001b13   vListInitialiseItem
00001d40   __TI_Handler_Table_Base
00001d4c   __TI_Handler_Table_Limit
00001d58   __TI_CINIT_Base
00001d68   __TI_CINIT_Limit
200076d4   g_pUARTSemaphore
200076d8   g_ui32PulseLengthTicks
200076dc   g_ui32SysClock
200076e8   __stack
200078e8   __STACK_END
200078e8   __STACK_TOP
200078e8   pxCurrentTCB
20007920   _lock
20007924   _unlock
20007928   __TI_cleanup_ptr
2000792c   __TI_dtors_ptr
2000793c   main_func_sp
ffffffff   __binit__
ffffffff   __c_args__
ffffffff   binit
UNDEFED    SHT$$INIT_ARRAY$$Base
UNDEFED    SHT$$INIT_ARRAY$$Limit

[101 symbols]
