<?xml version="1.0"?>
<link_info>
   <banner>TI ARM Linker PC v5.1.6</banner>
   <copyright>Copyright (c) 1996-2014 Texas Instruments Incorporated</copyright>
   <link_time>0x54f669e1</link_time>
   <link_errors>0x0</link_errors>
   <output_file>freertos_demo.out</output_file>
   <entry_point>
      <name>_c_int00</name>
      <address>0x1689</address>
   </entry_point>
   <input_file_list>
      <input_file id="fl-2">
         <path>.\</path>
         <kind>object</kind>
         <file>freertos_demo.obj</file>
         <name>freertos_demo.obj</name>
      </input_file>
      <input_file id="fl-3">
         <path>.\</path>
         <kind>object</kind>
         <file>heap_1.obj</file>
         <name>heap_1.obj</name>
      </input_file>
      <input_file id="fl-4">
         <path>.\</path>
         <kind>object</kind>
         <file>list.obj</file>
         <name>list.obj</name>
      </input_file>
      <input_file id="fl-5">
         <path>.\</path>
         <kind>object</kind>
         <file>motors.obj</file>
         <name>motors.obj</name>
      </input_file>
      <input_file id="fl-6">
         <path>.\</path>
         <kind>object</kind>
         <file>port.obj</file>
         <name>port.obj</name>
      </input_file>
      <input_file id="fl-7">
         <path>.\</path>
         <kind>object</kind>
         <file>portasm.obj</file>
         <name>portasm.obj</name>
      </input_file>
      <input_file id="fl-8">
         <path>.\</path>
         <kind>object</kind>
         <file>queue.obj</file>
         <name>queue.obj</name>
      </input_file>
      <input_file id="fl-9">
         <path>.\</path>
         <kind>object</kind>
         <file>sonar_task.obj</file>
         <name>sonar_task.obj</name>
      </input_file>
      <input_file id="fl-a">
         <path>.\</path>
         <kind>object</kind>
         <file>tasks.obj</file>
         <name>tasks.obj</name>
      </input_file>
      <input_file id="fl-b">
         <path>.\</path>
         <kind>object</kind>
         <file>tm4c1294ncpdt_startup_ccs.obj</file>
         <name>tm4c1294ncpdt_startup_ccs.obj</name>
      </input_file>
      <input_file id="fl-c">
         <path>.\</path>
         <kind>object</kind>
         <file>transmit_task.obj</file>
         <name>transmit_task.obj</name>
      </input_file>
      <input_file id="fl-d">
         <path>.\</path>
         <kind>object</kind>
         <file>uartstdio.obj</file>
         <name>uartstdio.obj</name>
      </input_file>
      <input_file id="fl-13b">
         <path>c:\ti\ccsv6\tools\compiler\arm_5.1.6\lib\</path>
         <kind>archive</kind>
         <file>rtsv7M4_T_le_v4SPD16_eabi.lib</file>
         <name>boot.obj</name>
      </input_file>
      <input_file id="fl-13c">
         <path>c:\ti\ccsv6\tools\compiler\arm_5.1.6\lib\</path>
         <kind>archive</kind>
         <file>rtsv7M4_T_le_v4SPD16_eabi.lib</file>
         <name>copy_decompress_none.obj</name>
      </input_file>
      <input_file id="fl-13d">
         <path>c:\ti\ccsv6\tools\compiler\arm_5.1.6\lib\</path>
         <kind>archive</kind>
         <file>rtsv7M4_T_le_v4SPD16_eabi.lib</file>
         <name>copy_decompress_rle.obj</name>
      </input_file>
      <input_file id="fl-13e">
         <path>c:\ti\ccsv6\tools\compiler\arm_5.1.6\lib\</path>
         <kind>archive</kind>
         <file>rtsv7M4_T_le_v4SPD16_eabi.lib</file>
         <name>copy_zero_init.obj</name>
      </input_file>
      <input_file id="fl-13f">
         <path>c:\ti\ccsv6\tools\compiler\arm_5.1.6\lib\</path>
         <kind>archive</kind>
         <file>rtsv7M4_T_le_v4SPD16_eabi.lib</file>
         <name>exit.obj</name>
      </input_file>
      <input_file id="fl-140">
         <path>c:\ti\ccsv6\tools\compiler\arm_5.1.6\lib\</path>
         <kind>archive</kind>
         <file>rtsv7M4_T_le_v4SPD16_eabi.lib</file>
         <name>memcmp.obj</name>
      </input_file>
      <input_file id="fl-141">
         <path>c:\ti\ccsv6\tools\compiler\arm_5.1.6\lib\</path>
         <kind>archive</kind>
         <file>rtsv7M4_T_le_v4SPD16_eabi.lib</file>
         <name>memcpy_t2.obj</name>
      </input_file>
      <input_file id="fl-142">
         <path>c:\ti\ccsv6\tools\compiler\arm_5.1.6\lib\</path>
         <kind>archive</kind>
         <file>rtsv7M4_T_le_v4SPD16_eabi.lib</file>
         <name>memset_t2.obj</name>
      </input_file>
      <input_file id="fl-143">
         <path>c:\ti\ccsv6\tools\compiler\arm_5.1.6\lib\</path>
         <kind>archive</kind>
         <file>rtsv7M4_T_le_v4SPD16_eabi.lib</file>
         <name>stkdepth_vars.obj</name>
      </input_file>
      <input_file id="fl-144">
         <path>c:\ti\ccsv6\tools\compiler\arm_5.1.6\lib\</path>
         <kind>archive</kind>
         <file>rtsv7M4_T_le_v4SPD16_eabi.lib</file>
         <name>u_divt2.obj</name>
      </input_file>
      <input_file id="fl-145">
         <path>c:\ti\ccsv6\tools\compiler\arm_5.1.6\lib\</path>
         <kind>archive</kind>
         <file>rtsv7M4_T_le_v4SPD16_eabi.lib</file>
         <name>_lock.obj</name>
      </input_file>
      <input_file id="fl-146">
         <path>c:\ti\ccsv6\tools\compiler\arm_5.1.6\lib\</path>
         <kind>archive</kind>
         <file>rtsv7M4_T_le_v4SPD16_eabi.lib</file>
         <name>args_main.obj</name>
      </input_file>
      <input_file id="fl-147">
         <path>c:\ti\ccsv6\tools\compiler\arm_5.1.6\lib\</path>
         <kind>archive</kind>
         <file>rtsv7M4_T_le_v4SPD16_eabi.lib</file>
         <name>auto_init.obj</name>
      </input_file>
      <input_file id="fl-148">
         <path>c:\ti\ccsv6\tools\compiler\arm_5.1.6\lib\</path>
         <kind>archive</kind>
         <file>rtsv7M4_T_le_v4SPD16_eabi.lib</file>
         <name>cpy_tbl.obj</name>
      </input_file>
      <input_file id="fl-149">
         <path>C:\ti\TivaWare_C_Series-2.1.0.12573\driverlib\ccs\Debug\</path>
         <kind>archive</kind>
         <file>driverlib.lib</file>
         <name>uart.obj</name>
      </input_file>
      <input_file id="fl-14a">
         <path>C:\ti\TivaWare_C_Series-2.1.0.12573\driverlib\ccs\Debug\</path>
         <kind>archive</kind>
         <file>driverlib.lib</file>
         <name>sysctl.obj</name>
      </input_file>
      <input_file id="fl-14b">
         <path>C:\ti\TivaWare_C_Series-2.1.0.12573\driverlib\ccs\Debug\</path>
         <kind>archive</kind>
         <file>driverlib.lib</file>
         <name>pwm.obj</name>
      </input_file>
      <input_file id="fl-14c">
         <path>C:\ti\TivaWare_C_Series-2.1.0.12573\driverlib\ccs\Debug\</path>
         <kind>archive</kind>
         <file>driverlib.lib</file>
         <name>interrupt.obj</name>
      </input_file>
      <input_file id="fl-14d">
         <path>C:\ti\TivaWare_C_Series-2.1.0.12573\driverlib\ccs\Debug\</path>
         <kind>archive</kind>
         <file>driverlib.lib</file>
         <name>i2c.obj</name>
      </input_file>
      <input_file id="fl-14e">
         <path>C:\ti\TivaWare_C_Series-2.1.0.12573\driverlib\ccs\Debug\</path>
         <kind>archive</kind>
         <file>driverlib.lib</file>
         <name>gpio.obj</name>
      </input_file>
      <input_file id="fl-14f">
         <path>C:\ti\TivaWare_C_Series-2.1.0.12573\driverlib\ccs\Debug\</path>
         <kind>archive</kind>
         <file>driverlib.lib</file>
         <name>cpu.obj</name>
      </input_file>
   </input_file_list>
   <object_component_list>
      <object_component id="oc-e">
         <name>.intvecs</name>
         <load_address>0x0</load_address>
         <run_address>0x0</run_address>
         <size>0x208</size>
         <input_file_ref idref="fl-b"/>
      </object_component>
      <object_component id="oc-197">
         <name>.text:UARTvprintf</name>
         <load_address>0x208</load_address>
         <run_address>0x208</run_address>
         <size>0x20a</size>
         <input_file_ref idref="fl-d"/>
      </object_component>
      <object_component id="oc-35">
         <name>.text:FaultISR</name>
         <load_address>0x412</load_address>
         <run_address>0x412</run_address>
         <size>0x2</size>
         <input_file_ref idref="fl-b"/>
      </object_component>
      <object_component id="oc-fc">
         <name>.text:SysCtlClockFreqSet</name>
         <load_address>0x414</load_address>
         <run_address>0x414</run_address>
         <size>0x1fc</size>
         <input_file_ref idref="fl-14a"/>
      </object_component>
      <object_component id="oc-1c3">
         <name>.text:SonarTask</name>
         <load_address>0x610</load_address>
         <run_address>0x610</run_address>
         <size>0x158</size>
         <input_file_ref idref="fl-9"/>
      </object_component>
      <object_component id="oc-92">
         <name>.text:xTaskIncrementTick</name>
         <load_address>0x768</load_address>
         <run_address>0x768</run_address>
         <size>0x120</size>
         <input_file_ref idref="fl-a"/>
      </object_component>
      <object_component id="oc-114">
         <name>.text:SonarTaskInit</name>
         <load_address>0x888</load_address>
         <run_address>0x888</run_address>
         <size>0x110</size>
         <input_file_ref idref="fl-9"/>
      </object_component>
      <object_component id="oc-295">
         <name>.text:xQueueGenericReceive</name>
         <load_address>0x998</load_address>
         <run_address>0x998</run_address>
         <size>0xfc</size>
         <input_file_ref idref="fl-8"/>
      </object_component>
      <object_component id="oc-1bd">
         <name>.text:xTaskGenericCreate</name>
         <load_address>0xa94</load_address>
         <run_address>0xa94</run_address>
         <size>0xdc</size>
         <input_file_ref idref="fl-a"/>
      </object_component>
      <object_component id="oc-218">
         <name>.text:xTaskResumeAll</name>
         <load_address>0xb70</load_address>
         <run_address>0xb70</run_address>
         <size>0xdc</size>
         <input_file_ref idref="fl-a"/>
      </object_component>
      <object_component id="oc-1b0">
         <name>.text:xQueueGenericSend</name>
         <load_address>0xc4c</load_address>
         <run_address>0xc4c</run_address>
         <size>0xcc</size>
         <input_file_ref idref="fl-8"/>
      </object_component>
      <object_component id="oc-41">
         <name>.text</name>
         <load_address>0xd18</load_address>
         <run_address>0xd18</run_address>
         <size>0xa6</size>
         <input_file_ref idref="fl-7"/>
      </object_component>
      <object_component id="oc-64">
         <name>.text</name>
         <load_address>0xdbe</load_address>
         <run_address>0xdbe</run_address>
         <size>0x9c</size>
         <input_file_ref idref="fl-141"/>
      </object_component>
      <object_component id="oc-3b">
         <name>.text:IntDefaultHandler</name>
         <load_address>0xe5a</load_address>
         <run_address>0xe5a</run_address>
         <size>0x2</size>
         <input_file_ref idref="fl-b"/>
      </object_component>
      <object_component id="oc-8b">
         <name>.text:vTaskSwitchContext</name>
         <load_address>0xe5c</load_address>
         <run_address>0xe5c</run_address>
         <size>0x9c</size>
         <input_file_ref idref="fl-a"/>
      </object_component>
      <object_component id="oc-4f">
         <name>.text</name>
         <load_address>0xef8</load_address>
         <run_address>0xef8</run_address>
         <size>0x94</size>
         <input_file_ref idref="fl-147"/>
      </object_component>
      <object_component id="oc-ac">
         <name>.text:main</name>
         <load_address>0xf8c</load_address>
         <run_address>0xf8c</run_address>
         <size>0x80</size>
         <input_file_ref idref="fl-2"/>
      </object_component>
      <object_component id="oc-2f8">
         <name>.text</name>
         <load_address>0x100c</load_address>
         <run_address>0x100c</run_address>
         <size>0x78</size>
         <input_file_ref idref="fl-142"/>
      </object_component>
      <object_component id="oc-25c">
         <name>.text:xTaskRemoveFromEventList</name>
         <load_address>0x1084</load_address>
         <run_address>0x1084</run_address>
         <size>0x74</size>
         <input_file_ref idref="fl-a"/>
      </object_component>
      <object_component id="oc-256">
         <name>.text:prvCopyDataToQueue</name>
         <load_address>0x10f8</load_address>
         <run_address>0x10f8</run_address>
         <size>0x70</size>
         <input_file_ref idref="fl-8"/>
      </object_component>
      <object_component id="oc-318">
         <name>.text:vTaskPriorityInherit</name>
         <load_address>0x1168</load_address>
         <run_address>0x1168</run_address>
         <size>0x70</size>
         <input_file_ref idref="fl-a"/>
      </object_component>
      <object_component id="oc-27c">
         <name>.text:prvInitialiseTaskLists</name>
         <load_address>0x11d8</load_address>
         <run_address>0x11d8</run_address>
         <size>0x68</size>
         <input_file_ref idref="fl-a"/>
      </object_component>
      <object_component id="oc-102">
         <name>.text:ConfigureUART</name>
         <load_address>0x1240</load_address>
         <run_address>0x1240</run_address>
         <size>0x64</size>
         <input_file_ref idref="fl-2"/>
      </object_component>
      <object_component id="oc-23e">
         <name>.text:prvUnlockQueue</name>
         <load_address>0x12a4</load_address>
         <run_address>0x12a4</run_address>
         <size>0x62</size>
         <input_file_ref idref="fl-8"/>
      </object_component>
      <object_component id="oc-77">
         <name>.text</name>
         <load_address>0x1306</load_address>
         <run_address>0x1306</run_address>
         <size>0x5e</size>
         <input_file_ref idref="fl-13d"/>
      </object_component>
      <object_component id="oc-238">
         <name>.text:xTaskCheckForTimeOut</name>
         <load_address>0x1364</load_address>
         <run_address>0x1364</run_address>
         <size>0x5c</size>
         <input_file_ref idref="fl-a"/>
      </object_component>
      <object_component id="oc-190">
         <name>.text:UARTStdioConfig</name>
         <load_address>0x13c0</load_address>
         <run_address>0x13c0</run_address>
         <size>0x58</size>
         <input_file_ref idref="fl-d"/>
      </object_component>
      <object_component id="oc-2b0">
         <name>.text:prvCheckTasksWaitingTermination</name>
         <load_address>0x1418</load_address>
         <run_address>0x1418</run_address>
         <size>0x54</size>
         <input_file_ref idref="fl-a"/>
      </object_component>
      <object_component id="oc-289">
         <name>.text:vTaskDelayUntil</name>
         <load_address>0x146c</load_address>
         <run_address>0x146c</run_address>
         <size>0x54</size>
         <input_file_ref idref="fl-a"/>
      </object_component>
      <object_component id="oc-2e0">
         <name>.text:prvAddCurrentTaskToDelayedList</name>
         <load_address>0x14c0</load_address>
         <run_address>0x14c0</run_address>
         <size>0x50</size>
         <input_file_ref idref="fl-a"/>
      </object_component>
      <object_component id="oc-1a4">
         <name>.text:pvPortMalloc</name>
         <load_address>0x1510</load_address>
         <run_address>0x1510</run_address>
         <size>0x50</size>
         <input_file_ref idref="fl-3"/>
      </object_component>
      <object_component id="oc-2e9">
         <name>.text:vTaskPriorityDisinherit</name>
         <load_address>0x1560</load_address>
         <run_address>0x1560</run_address>
         <size>0x4c</size>
         <input_file_ref idref="fl-a"/>
      </object_component>
      <object_component id="oc-10e">
         <name>.text:xQueueCreateMutex</name>
         <load_address>0x15ac</load_address>
         <run_address>0x15ac</run_address>
         <size>0x4c</size>
         <input_file_ref idref="fl-8"/>
      </object_component>
      <object_component id="oc-204">
         <name>.text:UARTwrite</name>
         <load_address>0x15f8</load_address>
         <run_address>0x15f8</run_address>
         <size>0x48</size>
         <input_file_ref idref="fl-d"/>
      </object_component>
      <object_component id="oc-16f">
         <name>.text:_SysCtlFrequencyGet</name>
         <load_address>0x1640</load_address>
         <run_address>0x1640</run_address>
         <size>0x48</size>
         <input_file_ref idref="fl-14a"/>
      </object_component>
      <object_component id="oc-11">
         <name>.text</name>
         <load_address>0x1688</load_address>
         <run_address>0x1688</run_address>
         <size>0x48</size>
         <input_file_ref idref="fl-13b"/>
      </object_component>
      <object_component id="oc-11a">
         <name>.text:vTaskStartScheduler</name>
         <load_address>0x16d0</load_address>
         <run_address>0x16d0</run_address>
         <size>0x48</size>
         <input_file_ref idref="fl-a"/>
      </object_component>
      <object_component id="oc-270">
         <name>.text:prvInitialiseTCBVariables</name>
         <load_address>0x1718</load_address>
         <run_address>0x1718</run_address>
         <size>0x44</size>
         <input_file_ref idref="fl-a"/>
      </object_component>
      <object_component id="oc-a5">
         <name>.text</name>
         <load_address>0x175c</load_address>
         <run_address>0x175c</run_address>
         <size>0x44</size>
         <input_file_ref idref="fl-148"/>
      </object_component>
      <object_component id="oc-5a">
         <name>.text</name>
         <load_address>0x17a0</load_address>
         <run_address>0x17a0</run_address>
         <size>0x44</size>
         <input_file_ref idref="fl-13f"/>
      </object_component>
      <object_component id="oc-24a">
         <name>.text:vTaskPlaceOnEventList</name>
         <load_address>0x17e4</load_address>
         <run_address>0x17e4</run_address>
         <size>0x44</size>
         <input_file_ref idref="fl-a"/>
      </object_component>
      <object_component id="oc-20a">
         <name>.text</name>
         <load_address>0x1828</load_address>
         <run_address>0x1828</run_address>
         <size>0x42</size>
         <input_file_ref idref="fl-144"/>
      </object_component>
      <object_component id="oc-2f">
         <name>.text:NmiSR</name>
         <load_address>0x186a</load_address>
         <run_address>0x186a</run_address>
         <size>0x2</size>
         <input_file_ref idref="fl-b"/>
      </object_component>
      <object_component id="oc-1ca">
         <name>.text:xPortStartScheduler</name>
         <load_address>0x186c</load_address>
         <run_address>0x186c</run_address>
         <size>0x40</size>
         <input_file_ref idref="fl-6"/>
      </object_component>
      <object_component id="oc-26a">
         <name>.text:prvAllocateTCBAndStack</name>
         <load_address>0x18ac</load_address>
         <run_address>0x18ac</run_address>
         <size>0x36</size>
         <input_file_ref idref="fl-a"/>
      </object_component>
      <object_component id="oc-2da">
         <name>.text:vListInsert</name>
         <load_address>0x18e2</load_address>
         <run_address>0x18e2</run_address>
         <size>0x32</size>
         <input_file_ref idref="fl-4"/>
      </object_component>
      <object_component id="oc-28f">
         <name>.text:delayFiveMicroseconds</name>
         <load_address>0x1914</load_address>
         <run_address>0x1914</run_address>
         <size>0x28</size>
         <input_file_ref idref="fl-9"/>
      </object_component>
      <object_component id="oc-31e">
         <name>.text:prvCopyDataFromQueue</name>
         <load_address>0x193c</load_address>
         <run_address>0x193c</run_address>
         <size>0x26</size>
         <input_file_ref idref="fl-8"/>
      </object_component>
      <object_component id="oc-e6">
         <name>.text:uxListRemove</name>
         <load_address>0x1962</load_address>
         <run_address>0x1962</run_address>
         <size>0x26</size>
         <input_file_ref idref="fl-4"/>
      </object_component>
      <object_component id="oc-276">
         <name>.text:pxPortInitialiseStack</name>
         <load_address>0x1988</load_address>
         <run_address>0x1988</run_address>
         <size>0x22</size>
         <input_file_ref idref="fl-6"/>
      </object_component>
      <object_component id="oc-db">
         <name>.text</name>
         <load_address>0x19aa</load_address>
         <run_address>0x19aa</run_address>
         <size>0x22</size>
         <input_file_ref idref="fl-140"/>
      </object_component>
      <object_component id="oc-46">
         <name>.text:xPortSysTickHandler</name>
         <load_address>0x19cc</load_address>
         <run_address>0x19cc</run_address>
         <size>0x20</size>
         <input_file_ref idref="fl-6"/>
      </object_component>
      <object_component id="oc-244">
         <name>.text:prvIsQueueFull</name>
         <load_address>0x19ec</load_address>
         <run_address>0x19ec</run_address>
         <size>0x1e</size>
         <input_file_ref idref="fl-8"/>
      </object_component>
      <object_component id="oc-d5">
         <name>.text:vApplicationStackOverflowHook</name>
         <load_address>0x1a0a</load_address>
         <run_address>0x1a0a</run_address>
         <size>0x2</size>
         <input_file_ref idref="fl-2"/>
      </object_component>
      <object_component id="oc-169">
         <name>.text:_SysCtlMemTimingGet</name>
         <load_address>0x1a0c</load_address>
         <run_address>0x1a0c</run_address>
         <size>0x1c</size>
         <input_file_ref idref="fl-14a"/>
      </object_component>
      <object_component id="oc-108">
         <name>.text:UARTprintf</name>
         <load_address>0x1a28</load_address>
         <run_address>0x1a28</run_address>
         <size>0x1a</size>
         <input_file_ref idref="fl-d"/>
      </object_component>
      <object_component id="oc-312">
         <name>.text:prvIsQueueEmpty</name>
         <load_address>0x1a42</load_address>
         <run_address>0x1a42</run_address>
         <size>0x1a</size>
         <input_file_ref idref="fl-8"/>
      </object_component>
      <object_component id="oc-54">
         <name>.text</name>
         <load_address>0x1a5c</load_address>
         <run_address>0x1a5c</run_address>
         <size>0x18</size>
         <input_file_ref idref="fl-146"/>
      </object_component>
      <object_component id="oc-ec">
         <name>.text:vListInsertEnd</name>
         <load_address>0x1a74</load_address>
         <run_address>0x1a74</run_address>
         <size>0x18</size>
         <input_file_ref idref="fl-4"/>
      </object_component>
      <object_component id="oc-22c">
         <name>.text:vTaskSetTimeOutState</name>
         <load_address>0x1a8c</load_address>
         <run_address>0x1a8c</run_address>
         <size>0x18</size>
         <input_file_ref idref="fl-a"/>
      </object_component>
      <object_component id="oc-283">
         <name>.text:xTaskGetTickCount</name>
         <load_address>0x1aa4</load_address>
         <run_address>0x1aa4</run_address>
         <size>0x18</size>
         <input_file_ref idref="fl-a"/>
      </object_component>
      <object_component id="oc-1aa">
         <name>.text:vListInitialise</name>
         <load_address>0x1abc</load_address>
         <run_address>0x1abc</run_address>
         <size>0x16</size>
         <input_file_ref idref="fl-4"/>
      </object_component>
      <object_component id="oc-2f2">
         <name>.text:vPortFree</name>
         <load_address>0x1ad2</load_address>
         <run_address>0x1ad2</run_address>
         <size>0x2</size>
         <input_file_ref idref="fl-3"/>
      </object_component>
      <object_component id="oc-2a6">
         <name>.text:prvSetupTimerInterrupt</name>
         <load_address>0x1ad4</load_address>
         <run_address>0x1ad4</run_address>
         <size>0x14</size>
         <input_file_ref idref="fl-6"/>
      </object_component>
      <object_component id="oc-12c">
         <name>.text</name>
         <load_address>0x1ae8</load_address>
         <run_address>0x1ae8</run_address>
         <size>0x14</size>
         <input_file_ref idref="fl-145"/>
      </object_component>
      <object_component id="oc-232">
         <name>.text:vPortEnterCritical</name>
         <load_address>0x1afc</load_address>
         <run_address>0x1afc</run_address>
         <size>0x14</size>
         <input_file_ref idref="fl-6"/>
      </object_component>
      <object_component id="oc-226">
         <name>.text:vPortExitCritical</name>
         <load_address>0x1b10</load_address>
         <run_address>0x1b10</run_address>
         <size>0x14</size>
         <input_file_ref idref="fl-6"/>
      </object_component>
      <object_component id="oc-1c">
         <name>.text:decompress:ZI</name>
         <load_address>0x1b24</load_address>
         <run_address>0x1b24</run_address>
         <size>0x12</size>
         <input_file_ref idref="fl-13e"/>
      </object_component>
      <object_component id="oc-330">
         <name>.text:prvDeleteTCB</name>
         <load_address>0x1b36</load_address>
         <run_address>0x1b36</run_address>
         <size>0x12</size>
         <input_file_ref idref="fl-a"/>
      </object_component>
      <object_component id="oc-250">
         <name>.text:vPortYield</name>
         <load_address>0x1b48</load_address>
         <run_address>0x1b48</run_address>
         <size>0x10</size>
         <input_file_ref idref="fl-6"/>
      </object_component>
      <object_component id="oc-212">
         <name>.text:vTaskSuspendAll</name>
         <load_address>0x1b58</load_address>
         <run_address>0x1b58</run_address>
         <size>0x10</size>
         <input_file_ref idref="fl-a"/>
      </object_component>
      <object_component id="oc-16">
         <name>.text:decompress:none</name>
         <load_address>0x1b68</load_address>
         <run_address>0x1b68</run_address>
         <size>0xe</size>
         <input_file_ref idref="fl-13c"/>
      </object_component>
      <object_component id="oc-2d2">
         <name>.text:vTaskMissedYield</name>
         <load_address>0x1b78</load_address>
         <run_address>0x1b78</run_address>
         <size>0xc</size>
         <input_file_ref idref="fl-a"/>
      </object_component>
      <object_component id="oc-324">
         <name>.text:xTaskGetCurrentTaskHandle</name>
         <load_address>0x1b84</load_address>
         <run_address>0x1b84</run_address>
         <size>0xc</size>
         <input_file_ref idref="fl-a"/>
      </object_component>
      <object_component id="oc-1d0">
         <name>.text:prvIdleTask</name>
         <load_address>0x1b90</load_address>
         <run_address>0x1b90</run_address>
         <size>0x8</size>
         <input_file_ref idref="fl-a"/>
      </object_component>
      <object_component id="oc-29">
         <name>.text:ResetISR</name>
         <load_address>0x1b98</load_address>
         <run_address>0x1b98</run_address>
         <size>0x6</size>
         <input_file_ref idref="fl-b"/>
      </object_component>
      <object_component id="oc-18a">
         <name>.text:UARTClockSourceSet</name>
         <load_address>0x1b9e</load_address>
         <run_address>0x1b9e</run_address>
         <size>0x6</size>
         <input_file_ref idref="fl-149"/>
      </object_component>
      <object_component id="oc-22">
         <name>.text:decompress:rle24</name>
         <load_address>0x1ba4</load_address>
         <run_address>0x1ba4</run_address>
         <size>0x6</size>
         <input_file_ref idref="fl-13d"/>
      </object_component>
      <object_component id="oc-2fe">
         <name>.text:vListInitialiseItem</name>
         <load_address>0x1baa</load_address>
         <run_address>0x1baa</run_address>
         <size>0x6</size>
         <input_file_ref idref="fl-4"/>
      </object_component>
      <object_component id="oc-178">
         <name>.const:g_pppui32XTALtoVCO</name>
         <load_address>0x1bb0</load_address>
         <run_address>0x1bb0</run_address>
         <size>0x120</size>
         <input_file_ref idref="fl-14a"/>
      </object_component>
      <object_component id="oc-175">
         <name>.const:g_pui32Xtals</name>
         <load_address>0x1cd0</load_address>
         <run_address>0x1cd0</run_address>
         <size>0x6c</size>
         <input_file_ref idref="fl-14a"/>
      </object_component>
      <object_component id="oc-1e6">
         <name>.const:g_sXTALtoMEMTIM</name>
         <load_address>0x1d3c</load_address>
         <run_address>0x1d3c</run_address>
         <size>0x30</size>
         <input_file_ref idref="fl-14a"/>
      </object_component>
      <object_component id="oc-1fa">
         <name>.const</name>
         <load_address>0x1d6c</load_address>
         <run_address>0x1d6c</run_address>
         <size>0x1c</size>
         <input_file_ref idref="fl-d"/>
      </object_component>
      <object_component id="oc-e1">
         <name>.const:.string</name>
         <load_address>0x1d88</load_address>
         <run_address>0x1d88</run_address>
         <size>0x14</size>
         <input_file_ref idref="fl-a"/>
      </object_component>
      <object_component id="oc-2bd">
         <name>.const:.string</name>
         <load_address>0x1d9c</load_address>
         <run_address>0x1d9c</run_address>
         <size>0x12</size>
         <input_file_ref idref="fl-d"/>
      </object_component>
      <object_component id="oc-17b">
         <name>.const</name>
         <load_address>0x1db0</load_address>
         <run_address>0x1db0</run_address>
         <size>0x8</size>
         <input_file_ref idref="fl-14a"/>
      </object_component>
      <object_component id="oc-366">
         <name>.cinit..data.load</name>
         <load_address>0x1db8</load_address>
         <run_address>0x1db8</run_address>
         <size>0x1e</size>
      </object_component>
      <object_component id="oc-364">
         <name>__TI_handler_table</name>
         <load_address>0x1dd8</load_address>
         <run_address>0x1dd8</run_address>
         <size>0xc</size>
      </object_component>
      <object_component id="oc-367">
         <name>.cinit..bss.load</name>
         <load_address>0x1de8</load_address>
         <run_address>0x1de8</run_address>
         <size>0x8</size>
      </object_component>
      <object_component id="oc-365">
         <name>__TI_cinit_table</name>
         <load_address>0x1df0</load_address>
         <run_address>0x1df0</run_address>
         <size>0x10</size>
      </object_component>
      <object_component id="oc-60">
         <name>.data</name>
         <load_address>0x2000793c</load_address>
         <run_address>0x2000793c</run_address>
         <size>0x4</size>
         <input_file_ref idref="fl-143"/>
      </object_component>
      <object_component id="oc-88">
         <name>.data</name>
         <load_address>0x200078e8</load_address>
         <run_address>0x200078e8</run_address>
         <size>0x30</size>
         <input_file_ref idref="fl-a"/>
      </object_component>
      <object_component id="oc-b4">
         <name>.data</name>
         <load_address>0x20007920</load_address>
         <run_address>0x20007920</run_address>
         <size>0x8</size>
         <input_file_ref idref="fl-145"/>
      </object_component>
      <object_component id="oc-b7">
         <name>.data</name>
         <load_address>0x20007928</load_address>
         <run_address>0x20007928</run_address>
         <size>0x8</size>
         <input_file_ref idref="fl-13f"/>
      </object_component>
      <object_component id="oc-1fd">
         <name>.data</name>
         <load_address>0x20007930</load_address>
         <run_address>0x20007930</run_address>
         <size>0x5</size>
         <input_file_ref idref="fl-d"/>
      </object_component>
      <object_component id="oc-21e">
         <name>.data</name>
         <load_address>0x20007918</load_address>
         <run_address>0x20007918</run_address>
         <size>0x8</size>
         <input_file_ref idref="fl-3"/>
      </object_component>
      <object_component id="oc-2ac">
         <name>.data</name>
         <load_address>0x20007938</load_address>
         <run_address>0x20007938</run_address>
         <size>0x4</size>
         <input_file_ref idref="fl-6"/>
      </object_component>
      <object_component id="oc-e2">
         <name>.bss:pxReadyTasksLists</name>
         <uninitialized>true</uninitialized>
         <run_address>0x20007530</run_address>
         <size>0x140</size>
         <input_file_ref idref="fl-a"/>
      </object_component>
      <object_component id="oc-221">
         <name>.bss:ucHeap</name>
         <uninitialized>true</uninitialized>
         <run_address>0x20000000</run_address>
         <size>0x7530</size>
         <input_file_ref idref="fl-3"/>
      </object_component>
      <object_component id="oc-29b">
         <name>.common:g_ui32SysClock</name>
         <uninitialized>true</uninitialized>
         <run_address>0x200076dc</run_address>
         <size>0x4</size>
      </object_component>
      <object_component id="oc-29f">
         <name>.common:g_pUARTSemaphore</name>
         <uninitialized>true</uninitialized>
         <run_address>0x200076d4</run_address>
         <size>0x4</size>
      </object_component>
      <object_component id="oc-29c">
         <name>.common:g_ui32PulseLengthTicks</name>
         <uninitialized>true</uninitialized>
         <run_address>0x200076d8</run_address>
         <size>0x4</size>
      </object_component>
      <object_component id="oc-307">
         <name>.common:xDelayedTaskList1</name>
         <uninitialized>true</uninitialized>
         <run_address>0x20007670</run_address>
         <size>0x14</size>
      </object_component>
      <object_component id="oc-308">
         <name>.common:xDelayedTaskList2</name>
         <uninitialized>true</uninitialized>
         <run_address>0x20007684</run_address>
         <size>0x14</size>
      </object_component>
      <object_component id="oc-33a">
         <name>.common:pxDelayedTaskList</name>
         <uninitialized>true</uninitialized>
         <run_address>0x200076e0</run_address>
         <size>0x4</size>
      </object_component>
      <object_component id="oc-33b">
         <name>.common:pxOverflowDelayedTaskList</name>
         <uninitialized>true</uninitialized>
         <run_address>0x200076e4</run_address>
         <size>0x4</size>
      </object_component>
      <object_component id="oc-30d">
         <name>.common:xPendingReadyList</name>
         <uninitialized>true</uninitialized>
         <run_address>0x20007698</run_address>
         <size>0x14</size>
      </object_component>
      <object_component id="oc-336">
         <name>.common:xTasksWaitingTermination</name>
         <uninitialized>true</uninitialized>
         <run_address>0x200076c0</run_address>
         <size>0x14</size>
      </object_component>
      <object_component id="oc-30a">
         <name>.common:xSuspendedTaskList</name>
         <uninitialized>true</uninitialized>
         <run_address>0x200076ac</run_address>
         <size>0x14</size>
      </object_component>
      <object_component id="oc-28">
         <name>.stack</name>
         <uninitialized>true</uninitialized>
         <run_address>0x200076e8</run_address>
         <size>0x0</size>
         <input_file_ref idref="fl-13b"/>
      </object_component>
      <object_component id="oc-368">
         <name>.stack</name>
         <uninitialized>true</uninitialized>
         <run_address>0x200076e8</run_address>
         <size>0x0</size>
      </object_component>
      <object_component id="oc-f">
         <name>.debug_info</name>
         <load_address>0x0</load_address>
         <run_address>0x0</run_address>
         <size>0xe8</size>
         <input_file_ref idref="fl-b"/>
      </object_component>
      <object_component id="oc-13">
         <name>.debug_info</name>
         <load_address>0xe8</load_address>
         <run_address>0xe8</run_address>
         <size>0xf3</size>
         <input_file_ref idref="fl-13b"/>
      </object_component>
      <object_component id="oc-1a">
         <name>.debug_info</name>
         <load_address>0x1db</load_address>
         <run_address>0x1db</run_address>
         <size>0x194</size>
         <input_file_ref idref="fl-13c"/>
      </object_component>
      <object_component id="oc-1d">
         <name>.debug_info</name>
         <load_address>0x36f</load_address>
         <run_address>0x36f</run_address>
         <size>0x16a</size>
         <input_file_ref idref="fl-13e"/>
      </object_component>
      <object_component id="oc-25">
         <name>.debug_info</name>
         <load_address>0x4d9</load_address>
         <run_address>0x4d9</run_address>
         <size>0x18e</size>
         <input_file_ref idref="fl-13d"/>
      </object_component>
      <object_component id="oc-2a">
         <name>.debug_info</name>
         <load_address>0x667</load_address>
         <run_address>0x667</run_address>
         <size>0x134</size>
         <input_file_ref idref="fl-b"/>
      </object_component>
      <object_component id="oc-30">
         <name>.debug_info</name>
         <load_address>0x79b</load_address>
         <run_address>0x79b</run_address>
         <size>0x122</size>
         <input_file_ref idref="fl-b"/>
      </object_component>
      <object_component id="oc-36">
         <name>.debug_info</name>
         <load_address>0x8bd</load_address>
         <run_address>0x8bd</run_address>
         <size>0x129</size>
         <input_file_ref idref="fl-b"/>
      </object_component>
      <object_component id="oc-3c">
         <name>.debug_info</name>
         <load_address>0x9e6</load_address>
         <run_address>0x9e6</run_address>
         <size>0x13d</size>
         <input_file_ref idref="fl-b"/>
      </object_component>
      <object_component id="oc-42">
         <name>.debug_info</name>
         <load_address>0xb23</load_address>
         <run_address>0xb23</run_address>
         <size>0x126</size>
         <input_file_ref idref="fl-7"/>
      </object_component>
      <object_component id="oc-47">
         <name>.debug_info</name>
         <load_address>0xc49</load_address>
         <run_address>0xc49</run_address>
         <size>0x15e</size>
         <input_file_ref idref="fl-6"/>
      </object_component>
      <object_component id="oc-4e">
         <name>.debug_info</name>
         <load_address>0xda7</load_address>
         <run_address>0xda7</run_address>
         <size>0x183</size>
         <input_file_ref idref="fl-b"/>
      </object_component>
      <object_component id="oc-52">
         <name>.debug_info</name>
         <load_address>0xf2a</load_address>
         <run_address>0xf2a</run_address>
         <size>0x13d</size>
         <input_file_ref idref="fl-147"/>
      </object_component>
      <object_component id="oc-58">
         <name>.debug_info</name>
         <load_address>0x1067</load_address>
         <run_address>0x1067</run_address>
         <size>0x11c</size>
         <input_file_ref idref="fl-146"/>
      </object_component>
      <object_component id="oc-5e">
         <name>.debug_info</name>
         <load_address>0x1183</load_address>
         <run_address>0x1183</run_address>
         <size>0x1c2</size>
         <input_file_ref idref="fl-13f"/>
      </object_component>
      <object_component id="oc-61">
         <name>.debug_info</name>
         <load_address>0x1345</load_address>
         <run_address>0x1345</run_address>
         <size>0xbe</size>
         <input_file_ref idref="fl-143"/>
      </object_component>
      <object_component id="oc-67">
         <name>.debug_info</name>
         <load_address>0x1403</load_address>
         <run_address>0x1403</run_address>
         <size>0xcc</size>
         <input_file_ref idref="fl-141"/>
      </object_component>
      <object_component id="oc-6a">
         <name>.debug_info</name>
         <load_address>0x14cf</load_address>
         <run_address>0x14cf</run_address>
         <size>0x46</size>
         <input_file_ref idref="fl-13c"/>
      </object_component>
      <object_component id="oc-6f">
         <name>.debug_info</name>
         <load_address>0x1515</load_address>
         <run_address>0x1515</run_address>
         <size>0xf2</size>
         <input_file_ref idref="fl-13c"/>
      </object_component>
      <object_component id="oc-71">
         <name>.debug_info</name>
         <load_address>0x1607</load_address>
         <run_address>0x1607</run_address>
         <size>0x46</size>
         <input_file_ref idref="fl-13e"/>
      </object_component>
      <object_component id="oc-76">
         <name>.debug_info</name>
         <load_address>0x164d</load_address>
         <run_address>0x164d</run_address>
         <size>0xad</size>
         <input_file_ref idref="fl-13e"/>
      </object_component>
      <object_component id="oc-7a">
         <name>.debug_info</name>
         <load_address>0x16fa</load_address>
         <run_address>0x16fa</run_address>
         <size>0x1ef</size>
         <input_file_ref idref="fl-13d"/>
      </object_component>
      <object_component id="oc-7e">
         <name>.debug_info</name>
         <load_address>0x18e9</load_address>
         <run_address>0x18e9</run_address>
         <size>0xb7</size>
         <input_file_ref idref="fl-13d"/>
      </object_component>
      <object_component id="oc-7f">
         <name>.debug_info</name>
         <load_address>0x19a0</load_address>
         <run_address>0x19a0</run_address>
         <size>0x39</size>
         <input_file_ref idref="fl-13d"/>
      </object_component>
      <object_component id="oc-89">
         <name>.debug_info</name>
         <load_address>0x19d9</load_address>
         <run_address>0x19d9</run_address>
         <size>0x2e0</size>
         <input_file_ref idref="fl-a"/>
      </object_component>
      <object_component id="oc-8c">
         <name>.debug_info</name>
         <load_address>0x1cb9</load_address>
         <run_address>0x1cb9</run_address>
         <size>0x1ba</size>
         <input_file_ref idref="fl-a"/>
      </object_component>
      <object_component id="oc-93">
         <name>.debug_info</name>
         <load_address>0x1e73</load_address>
         <run_address>0x1e73</run_address>
         <size>0x1e1</size>
         <input_file_ref idref="fl-a"/>
      </object_component>
      <object_component id="oc-9b">
         <name>.debug_info</name>
         <load_address>0x2054</load_address>
         <run_address>0x2054</run_address>
         <size>0x84</size>
         <input_file_ref idref="fl-2"/>
      </object_component>
      <object_component id="oc-a0">
         <name>.debug_info</name>
         <load_address>0x20d8</load_address>
         <run_address>0x20d8</run_address>
         <size>0x18b</size>
         <input_file_ref idref="fl-2"/>
      </object_component>
      <object_component id="oc-a7">
         <name>.debug_info</name>
         <load_address>0x2263</load_address>
         <run_address>0x2263</run_address>
         <size>0x14b</size>
         <input_file_ref idref="fl-148"/>
      </object_component>
      <object_component id="oc-ad">
         <name>.debug_info</name>
         <load_address>0x23ae</load_address>
         <run_address>0x23ae</run_address>
         <size>0x18b</size>
         <input_file_ref idref="fl-2"/>
      </object_component>
      <object_component id="oc-b3">
         <name>.debug_info</name>
         <load_address>0x2539</load_address>
         <run_address>0x2539</run_address>
         <size>0x11b</size>
         <input_file_ref idref="fl-146"/>
      </object_component>
      <object_component id="oc-b5">
         <name>.debug_info</name>
         <load_address>0x2654</load_address>
         <run_address>0x2654</run_address>
         <size>0xc8</size>
         <input_file_ref idref="fl-145"/>
      </object_component>
      <object_component id="oc-b8">
         <name>.debug_info</name>
         <load_address>0x271c</load_address>
         <run_address>0x271c</run_address>
         <size>0xeb</size>
         <input_file_ref idref="fl-13f"/>
      </object_component>
      <object_component id="oc-bb">
         <name>.debug_info</name>
         <load_address>0x2807</load_address>
         <run_address>0x2807</run_address>
         <size>0x146</size>
         <input_file_ref idref="fl-13f"/>
      </object_component>
      <object_component id="oc-c0">
         <name>.debug_info</name>
         <load_address>0x294d</load_address>
         <run_address>0x294d</run_address>
         <size>0x2c</size>
         <input_file_ref idref="fl-13c"/>
      </object_component>
      <object_component id="oc-c7">
         <name>.debug_info</name>
         <load_address>0x2979</load_address>
         <run_address>0x2979</run_address>
         <size>0x2c</size>
         <input_file_ref idref="fl-13e"/>
      </object_component>
      <object_component id="oc-d3">
         <name>.debug_info</name>
         <load_address>0x29a5</load_address>
         <run_address>0x29a5</run_address>
         <size>0x73e</size>
         <input_file_ref idref="fl-a"/>
      </object_component>
      <object_component id="oc-d6">
         <name>.debug_info</name>
         <load_address>0x30e3</load_address>
         <run_address>0x30e3</run_address>
         <size>0x166</size>
         <input_file_ref idref="fl-2"/>
      </object_component>
      <object_component id="oc-dc">
         <name>.debug_info</name>
         <load_address>0x3249</load_address>
         <run_address>0x3249</run_address>
         <size>0x1a0</size>
         <input_file_ref idref="fl-140"/>
      </object_component>
      <object_component id="oc-e3">
         <name>.debug_info</name>
         <load_address>0x33e9</load_address>
         <run_address>0x33e9</run_address>
         <size>0xdd</size>
         <input_file_ref idref="fl-a"/>
      </object_component>
      <object_component id="oc-e7">
         <name>.debug_info</name>
         <load_address>0x34c6</load_address>
         <run_address>0x34c6</run_address>
         <size>0x160</size>
         <input_file_ref idref="fl-4"/>
      </object_component>
      <object_component id="oc-ed">
         <name>.debug_info</name>
         <load_address>0x3626</load_address>
         <run_address>0x3626</run_address>
         <size>0x188</size>
         <input_file_ref idref="fl-4"/>
      </object_component>
      <object_component id="oc-f5">
         <name>.debug_info</name>
         <load_address>0x37ae</load_address>
         <run_address>0x37ae</run_address>
         <size>0x2c</size>
         <input_file_ref idref="fl-2"/>
      </object_component>
      <object_component id="oc-fb">
         <name>.debug_info</name>
         <load_address>0x37da</load_address>
         <run_address>0x37da</run_address>
         <size>0x148</size>
         <input_file_ref idref="fl-148"/>
      </object_component>
      <object_component id="oc-fd">
         <name>.debug_info</name>
         <load_address>0x3922</load_address>
         <run_address>0x3922</run_address>
         <size>0x4c5</size>
         <input_file_ref idref="fl-14a"/>
      </object_component>
      <object_component id="oc-103">
         <name>.debug_info</name>
         <load_address>0x3de7</load_address>
         <run_address>0x3de7</run_address>
         <size>0x16c</size>
         <input_file_ref idref="fl-2"/>
      </object_component>
      <object_component id="oc-109">
         <name>.debug_info</name>
         <load_address>0x3f53</load_address>
         <run_address>0x3f53</run_address>
         <size>0x14d</size>
         <input_file_ref idref="fl-d"/>
      </object_component>
      <object_component id="oc-10f">
         <name>.debug_info</name>
         <load_address>0x40a0</load_address>
         <run_address>0x40a0</run_address>
         <size>0x1c3</size>
         <input_file_ref idref="fl-8"/>
      </object_component>
      <object_component id="oc-115">
         <name>.debug_info</name>
         <load_address>0x4263</load_address>
         <run_address>0x4263</run_address>
         <size>0x19a</size>
         <input_file_ref idref="fl-9"/>
      </object_component>
      <object_component id="oc-11b">
         <name>.debug_info</name>
         <load_address>0x43fd</load_address>
         <run_address>0x43fd</run_address>
         <size>0x160</size>
         <input_file_ref idref="fl-a"/>
      </object_component>
      <object_component id="oc-121">
         <name>.debug_info</name>
         <load_address>0x455d</load_address>
         <run_address>0x455d</run_address>
         <size>0x2f0</size>
         <input_file_ref idref="fl-2"/>
      </object_component>
      <object_component id="oc-127">
         <name>.debug_info</name>
         <load_address>0x484d</load_address>
         <run_address>0x484d</run_address>
         <size>0x5e</size>
         <input_file_ref idref="fl-146"/>
      </object_component>
      <object_component id="oc-130">
         <name>.debug_info</name>
         <load_address>0x48ab</load_address>
         <run_address>0x48ab</run_address>
         <size>0x1d4</size>
         <input_file_ref idref="fl-145"/>
      </object_component>
      <object_component id="oc-134">
         <name>.debug_info</name>
         <load_address>0x4a7f</load_address>
         <run_address>0x4a7f</run_address>
         <size>0xd9</size>
         <input_file_ref idref="fl-145"/>
      </object_component>
      <object_component id="oc-13c">
         <name>.debug_info</name>
         <load_address>0x4b58</load_address>
         <run_address>0x4b58</run_address>
         <size>0x29e</size>
         <input_file_ref idref="fl-2"/>
      </object_component>
      <object_component id="oc-141">
         <name>.debug_info</name>
         <load_address>0x4df6</load_address>
         <run_address>0x4df6</run_address>
         <size>0x2c</size>
         <input_file_ref idref="fl-2"/>
      </object_component>
      <object_component id="oc-146">
         <name>.debug_info</name>
         <load_address>0x4e22</load_address>
         <run_address>0x4e22</run_address>
         <size>0x39</size>
         <input_file_ref idref="fl-a"/>
      </object_component>
      <object_component id="oc-14b">
         <name>.debug_info</name>
         <load_address>0x4e5b</load_address>
         <run_address>0x4e5b</run_address>
         <size>0xfc</size>
         <input_file_ref idref="fl-a"/>
      </object_component>
      <object_component id="oc-150">
         <name>.debug_info</name>
         <load_address>0x4f57</load_address>
         <run_address>0x4f57</run_address>
         <size>0x14c</size>
         <input_file_ref idref="fl-2"/>
      </object_component>
      <object_component id="oc-155">
         <name>.debug_info</name>
         <load_address>0x50a3</load_address>
         <run_address>0x50a3</run_address>
         <size>0x110</size>
         <input_file_ref idref="fl-3"/>
      </object_component>
      <object_component id="oc-15c">
         <name>.debug_info</name>
         <load_address>0x51b3</load_address>
         <run_address>0x51b3</run_address>
         <size>0xaa</size>
         <input_file_ref idref="fl-140"/>
      </object_component>
      <object_component id="oc-160">
         <name>.debug_info</name>
         <load_address>0x525d</load_address>
         <run_address>0x525d</run_address>
         <size>0x128</size>
         <input_file_ref idref="fl-4"/>
      </object_component>
      <object_component id="oc-164">
         <name>.debug_info</name>
         <load_address>0x5385</load_address>
         <run_address>0x5385</run_address>
         <size>0xcd</size>
         <input_file_ref idref="fl-148"/>
      </object_component>
      <object_component id="oc-16a">
         <name>.debug_info</name>
         <load_address>0x5452</load_address>
         <run_address>0x5452</run_address>
         <size>0x264</size>
         <input_file_ref idref="fl-14a"/>
      </object_component>
      <object_component id="oc-170">
         <name>.debug_info</name>
         <load_address>0x56b6</load_address>
         <run_address>0x56b6</run_address>
         <size>0x21e</size>
         <input_file_ref idref="fl-14a"/>
      </object_component>
      <object_component id="oc-176">
         <name>.debug_info</name>
         <load_address>0x58d4</load_address>
         <run_address>0x58d4</run_address>
         <size>0xff</size>
         <input_file_ref idref="fl-14a"/>
      </object_component>
      <object_component id="oc-179">
         <name>.debug_info</name>
         <load_address>0x59d3</load_address>
         <run_address>0x59d3</run_address>
         <size>0x10b</size>
         <input_file_ref idref="fl-14a"/>
      </object_component>
      <object_component id="oc-17c">
         <name>.debug_info</name>
         <load_address>0x5ade</load_address>
         <run_address>0x5ade</run_address>
         <size>0x112</size>
         <input_file_ref idref="fl-14a"/>
      </object_component>
      <object_component id="oc-17f">
         <name>.debug_info</name>
         <load_address>0x5bf0</load_address>
         <run_address>0x5bf0</run_address>
         <size>0x18b</size>
         <input_file_ref idref="fl-149"/>
      </object_component>
      <object_component id="oc-184">
         <name>.debug_info</name>
         <load_address>0x5d7b</load_address>
         <run_address>0x5d7b</run_address>
         <size>0x90</size>
         <input_file_ref idref="fl-149"/>
      </object_component>
      <object_component id="oc-189">
         <name>.debug_info</name>
         <load_address>0x5e0b</load_address>
         <run_address>0x5e0b</run_address>
         <size>0x226</size>
         <input_file_ref idref="fl-14a"/>
      </object_component>
      <object_component id="oc-18b">
         <name>.debug_info</name>
         <load_address>0x6031</load_address>
         <run_address>0x6031</run_address>
         <size>0x1f5</size>
         <input_file_ref idref="fl-149"/>
      </object_component>
      <object_component id="oc-191">
         <name>.debug_info</name>
         <load_address>0x6226</load_address>
         <run_address>0x6226</run_address>
         <size>0x1e3</size>
         <input_file_ref idref="fl-d"/>
      </object_component>
      <object_component id="oc-198">
         <name>.debug_info</name>
         <load_address>0x6409</load_address>
         <run_address>0x6409</run_address>
         <size>0x2b4</size>
         <input_file_ref idref="fl-d"/>
      </object_component>
      <object_component id="oc-19e">
         <name>.debug_info</name>
         <load_address>0x66bd</load_address>
         <run_address>0x66bd</run_address>
         <size>0xf1</size>
         <input_file_ref idref="fl-d"/>
      </object_component>
      <object_component id="oc-19f">
         <name>.debug_info</name>
         <load_address>0x67ae</load_address>
         <run_address>0x67ae</run_address>
         <size>0x4e</size>
         <input_file_ref idref="fl-2"/>
      </object_component>
      <object_component id="oc-1a5">
         <name>.debug_info</name>
         <load_address>0x67fc</load_address>
         <run_address>0x67fc</run_address>
         <size>0x1b4</size>
         <input_file_ref idref="fl-3"/>
      </object_component>
      <object_component id="oc-1ab">
         <name>.debug_info</name>
         <load_address>0x69b0</load_address>
         <run_address>0x69b0</run_address>
         <size>0x12d</size>
         <input_file_ref idref="fl-4"/>
      </object_component>
      <object_component id="oc-1b1">
         <name>.debug_info</name>
         <load_address>0x6add</load_address>
         <run_address>0x6add</run_address>
         <size>0x445</size>
         <input_file_ref idref="fl-8"/>
      </object_component>
      <object_component id="oc-1b7">
         <name>.debug_info</name>
         <load_address>0x6f22</load_address>
         <run_address>0x6f22</run_address>
         <size>0x46</size>
         <input_file_ref idref="fl-2"/>
      </object_component>
      <object_component id="oc-1bc">
         <name>.debug_info</name>
         <load_address>0x6f68</load_address>
         <run_address>0x6f68</run_address>
         <size>0x5a6</size>
         <input_file_ref idref="fl-8"/>
      </object_component>
      <object_component id="oc-1be">
         <name>.debug_info</name>
         <load_address>0x750e</load_address>
         <run_address>0x750e</run_address>
         <size>0x3db</size>
         <input_file_ref idref="fl-a"/>
      </object_component>
      <object_component id="oc-1c4">
         <name>.debug_info</name>
         <load_address>0x78e9</load_address>
         <run_address>0x78e9</run_address>
         <size>0x2f4</size>
         <input_file_ref idref="fl-9"/>
      </object_component>
      <object_component id="oc-1cb">
         <name>.debug_info</name>
         <load_address>0x7bdd</load_address>
         <run_address>0x7bdd</run_address>
         <size>0x15b</size>
         <input_file_ref idref="fl-6"/>
      </object_component>
      <object_component id="oc-1d1">
         <name>.debug_info</name>
         <load_address>0x7d38</load_address>
         <run_address>0x7d38</run_address>
         <size>0x141</size>
         <input_file_ref idref="fl-a"/>
      </object_component>
      <object_component id="oc-1d9">
         <name>.debug_info</name>
         <load_address>0x7e79</load_address>
         <run_address>0x7e79</run_address>
         <size>0x2c</size>
         <input_file_ref idref="fl-2"/>
      </object_component>
      <object_component id="oc-1e1">
         <name>.debug_info</name>
         <load_address>0x7ea5</load_address>
         <run_address>0x7ea5</run_address>
         <size>0x1a4</size>
         <input_file_ref idref="fl-3"/>
      </object_component>
      <object_component id="oc-1e7">
         <name>.debug_info</name>
         <load_address>0x8049</load_address>
         <run_address>0x8049</run_address>
         <size>0x105</size>
         <input_file_ref idref="fl-14a"/>
      </object_component>
      <object_component id="oc-1f3">
         <name>.debug_info</name>
         <load_address>0x814e</load_address>
         <run_address>0x814e</run_address>
         <size>0x5f</size>
         <input_file_ref idref="fl-14a"/>
      </object_component>
      <object_component id="oc-1f9">
         <name>.debug_info</name>
         <load_address>0x81ad</load_address>
         <run_address>0x81ad</run_address>
         <size>0x1ce</size>
         <input_file_ref idref="fl-149"/>
      </object_component>
      <object_component id="oc-1fb">
         <name>.debug_info</name>
         <load_address>0x837b</load_address>
         <run_address>0x837b</run_address>
         <size>0x129</size>
         <input_file_ref idref="fl-d"/>
      </object_component>
      <object_component id="oc-1fe">
         <name>.debug_info</name>
         <load_address>0x84a4</load_address>
         <run_address>0x84a4</run_address>
         <size>0xd3</size>
         <input_file_ref idref="fl-d"/>
      </object_component>
      <object_component id="oc-200">
         <name>.debug_info</name>
         <load_address>0x8577</load_address>
         <run_address>0x8577</run_address>
         <size>0x1de</size>
         <input_file_ref idref="fl-d"/>
      </object_component>
      <object_component id="oc-205">
         <name>.debug_info</name>
         <load_address>0x8755</load_address>
         <run_address>0x8755</run_address>
         <size>0x180</size>
         <input_file_ref idref="fl-d"/>
      </object_component>
      <object_component id="oc-20b">
         <name>.debug_info</name>
         <load_address>0x88d5</load_address>
         <run_address>0x88d5</run_address>
         <size>0x137</size>
         <input_file_ref idref="fl-144"/>
      </object_component>
      <object_component id="oc-213">
         <name>.debug_info</name>
         <load_address>0x8a0c</load_address>
         <run_address>0x8a0c</run_address>
         <size>0x109</size>
         <input_file_ref idref="fl-a"/>
      </object_component>
      <object_component id="oc-219">
         <name>.debug_info</name>
         <load_address>0x8b15</load_address>
         <run_address>0x8b15</run_address>
         <size>0x1dc</size>
         <input_file_ref idref="fl-a"/>
      </object_component>
      <object_component id="oc-21f">
         <name>.debug_info</name>
         <load_address>0x8cf1</load_address>
         <run_address>0x8cf1</run_address>
         <size>0xd6</size>
         <input_file_ref idref="fl-3"/>
      </object_component>
      <object_component id="oc-222">
         <name>.debug_info</name>
         <load_address>0x8dc7</load_address>
         <run_address>0x8dc7</run_address>
         <size>0xc8</size>
         <input_file_ref idref="fl-3"/>
      </object_component>
      <object_component id="oc-227">
         <name>.debug_info</name>
         <load_address>0x8e8f</load_address>
         <run_address>0x8e8f</run_address>
         <size>0x126</size>
         <input_file_ref idref="fl-6"/>
      </object_component>
      <object_component id="oc-22d">
         <name>.debug_info</name>
         <load_address>0x8fb5</load_address>
         <run_address>0x8fb5</run_address>
         <size>0x149</size>
         <input_file_ref idref="fl-a"/>
      </object_component>
      <object_component id="oc-233">
         <name>.debug_info</name>
         <load_address>0x90fe</load_address>
         <run_address>0x90fe</run_address>
         <size>0x125</size>
         <input_file_ref idref="fl-6"/>
      </object_component>
      <object_component id="oc-239">
         <name>.debug_info</name>
         <load_address>0x9223</load_address>
         <run_address>0x9223</run_address>
         <size>0x21d</size>
         <input_file_ref idref="fl-a"/>
      </object_component>
      <object_component id="oc-23f">
         <name>.debug_info</name>
         <load_address>0x9440</load_address>
         <run_address>0x9440</run_address>
         <size>0x202</size>
         <input_file_ref idref="fl-8"/>
      </object_component>
      <object_component id="oc-245">
         <name>.debug_info</name>
         <load_address>0x9642</load_address>
         <run_address>0x9642</run_address>
         <size>0x180</size>
         <input_file_ref idref="fl-8"/>
      </object_component>
      <object_component id="oc-24b">
         <name>.debug_info</name>
         <load_address>0x97c2</load_address>
         <run_address>0x97c2</run_address>
         <size>0x213</size>
         <input_file_ref idref="fl-a"/>
      </object_component>
      <object_component id="oc-251">
         <name>.debug_info</name>
         <load_address>0x99d5</load_address>
         <run_address>0x99d5</run_address>
         <size>0xf9</size>
         <input_file_ref idref="fl-6"/>
      </object_component>
      <object_component id="oc-257">
         <name>.debug_info</name>
         <load_address>0x9ace</load_address>
         <run_address>0x9ace</run_address>
         <size>0x1f0</size>
         <input_file_ref idref="fl-8"/>
      </object_component>
      <object_component id="oc-25d">
         <name>.debug_info</name>
         <load_address>0x9cbe</load_address>
         <run_address>0x9cbe</run_address>
         <size>0x1e9</size>
         <input_file_ref idref="fl-a"/>
      </object_component>
      <object_component id="oc-265">
         <name>.debug_info</name>
         <load_address>0x9ea7</load_address>
         <run_address>0x9ea7</run_address>
         <size>0x1c1</size>
         <input_file_ref idref="fl-8"/>
      </object_component>
      <object_component id="oc-26b">
         <name>.debug_info</name>
         <load_address>0xa068</load_address>
         <run_address>0xa068</run_address>
         <size>0x202</size>
         <input_file_ref idref="fl-a"/>
      </object_component>
      <object_component id="oc-271">
         <name>.debug_info</name>
         <load_address>0xa26a</load_address>
         <run_address>0xa26a</run_address>
         <size>0x220</size>
         <input_file_ref idref="fl-a"/>
      </object_component>
      <object_component id="oc-277">
         <name>.debug_info</name>
         <load_address>0xa48a</load_address>
         <run_address>0xa48a</run_address>
         <size>0x1c1</size>
         <input_file_ref idref="fl-6"/>
      </object_component>
      <object_component id="oc-27d">
         <name>.debug_info</name>
         <load_address>0xa64b</load_address>
         <run_address>0xa64b</run_address>
         <size>0x1b7</size>
         <input_file_ref idref="fl-a"/>
      </object_component>
      <object_component id="oc-284">
         <name>.debug_info</name>
         <load_address>0xa802</load_address>
         <run_address>0xa802</run_address>
         <size>0x157</size>
         <input_file_ref idref="fl-a"/>
      </object_component>
      <object_component id="oc-28a">
         <name>.debug_info</name>
         <load_address>0xa959</load_address>
         <run_address>0xa959</run_address>
         <size>0x288</size>
         <input_file_ref idref="fl-a"/>
      </object_component>
      <object_component id="oc-290">
         <name>.debug_info</name>
         <load_address>0xabe1</load_address>
         <run_address>0xabe1</run_address>
         <size>0x180</size>
         <input_file_ref idref="fl-9"/>
      </object_component>
      <object_component id="oc-296">
         <name>.debug_info</name>
         <load_address>0xad61</load_address>
         <run_address>0xad61</run_address>
         <size>0x4f6</size>
         <input_file_ref idref="fl-8"/>
      </object_component>
      <object_component id="oc-29d">
         <name>.debug_info</name>
         <load_address>0xb257</load_address>
         <run_address>0xb257</run_address>
         <size>0x3cb</size>
         <input_file_ref idref="fl-9"/>
      </object_component>
      <object_component id="oc-2a1">
         <name>.debug_info</name>
         <load_address>0xb622</load_address>
         <run_address>0xb622</run_address>
         <size>0x8b</size>
         <input_file_ref idref="fl-9"/>
      </object_component>
      <object_component id="oc-2a7">
         <name>.debug_info</name>
         <load_address>0xb6ad</load_address>
         <run_address>0xb6ad</run_address>
         <size>0x111</size>
         <input_file_ref idref="fl-6"/>
      </object_component>
      <object_component id="oc-2ad">
         <name>.debug_info</name>
         <load_address>0xb7be</load_address>
         <run_address>0xb7be</run_address>
         <size>0xdc</size>
         <input_file_ref idref="fl-6"/>
      </object_component>
      <object_component id="oc-2b1">
         <name>.debug_info</name>
         <load_address>0xb89a</load_address>
         <run_address>0xb89a</run_address>
         <size>0x1de</size>
         <input_file_ref idref="fl-a"/>
      </object_component>
      <object_component id="oc-2d3">
         <name>.debug_info</name>
         <load_address>0xba78</load_address>
         <run_address>0xba78</run_address>
         <size>0x10b</size>
         <input_file_ref idref="fl-a"/>
      </object_component>
      <object_component id="oc-2db">
         <name>.debug_info</name>
         <load_address>0xbb83</load_address>
         <run_address>0xbb83</run_address>
         <size>0x1b3</size>
         <input_file_ref idref="fl-4"/>
      </object_component>
      <object_component id="oc-2e1">
         <name>.debug_info</name>
         <load_address>0xbd36</load_address>
         <run_address>0xbd36</run_address>
         <size>0x188</size>
         <input_file_ref idref="fl-a"/>
      </object_component>
      <object_component id="oc-2ea">
         <name>.debug_info</name>
         <load_address>0xbebe</load_address>
         <run_address>0xbebe</run_address>
         <size>0x19a</size>
         <input_file_ref idref="fl-a"/>
      </object_component>
      <object_component id="oc-2f3">
         <name>.debug_info</name>
         <load_address>0xc058</load_address>
         <run_address>0xc058</run_address>
         <size>0x10a</size>
         <input_file_ref idref="fl-3"/>
      </object_component>
      <object_component id="oc-2fa">
         <name>.debug_info</name>
         <load_address>0xc162</load_address>
         <run_address>0xc162</run_address>
         <size>0xfc</size>
         <input_file_ref idref="fl-142"/>
      </object_component>
      <object_component id="oc-2ff">
         <name>.debug_info</name>
         <load_address>0xc25e</load_address>
         <run_address>0xc25e</run_address>
         <size>0x135</size>
         <input_file_ref idref="fl-4"/>
      </object_component>
      <object_component id="oc-306">
         <name>.debug_info</name>
         <load_address>0xc393</load_address>
         <run_address>0xc393</run_address>
         <size>0x203</size>
         <input_file_ref idref="fl-6"/>
      </object_component>
      <object_component id="oc-313">
         <name>.debug_info</name>
         <load_address>0xc596</load_address>
         <run_address>0xc596</run_address>
         <size>0x182</size>
         <input_file_ref idref="fl-8"/>
      </object_component>
      <object_component id="oc-319">
         <name>.debug_info</name>
         <load_address>0xc718</load_address>
         <run_address>0xc718</run_address>
         <size>0x194</size>
         <input_file_ref idref="fl-a"/>
      </object_component>
      <object_component id="oc-31f">
         <name>.debug_info</name>
         <load_address>0xc8ac</load_address>
         <run_address>0xc8ac</run_address>
         <size>0x180</size>
         <input_file_ref idref="fl-8"/>
      </object_component>
      <object_component id="oc-325">
         <name>.debug_info</name>
         <load_address>0xca2c</load_address>
         <run_address>0xca2c</run_address>
         <size>0x138</size>
         <input_file_ref idref="fl-a"/>
      </object_component>
      <object_component id="oc-331">
         <name>.debug_info</name>
         <load_address>0xcb64</load_address>
         <run_address>0xcb64</run_address>
         <size>0x148</size>
         <input_file_ref idref="fl-a"/>
      </object_component>
      <object_component id="oc-369">
         <name>.debug_info</name>
         <load_address>0xccac</load_address>
         <run_address>0xccac</run_address>
         <size>0xa1</size>
      </object_component>
      <object_component id="oc-10">
         <name>.debug_pubnames</name>
         <load_address>0x0</load_address>
         <run_address>0x0</run_address>
         <size>0x23</size>
         <input_file_ref idref="fl-b"/>
      </object_component>
      <object_component id="oc-14">
         <name>.debug_pubnames</name>
         <load_address>0x23</load_address>
         <run_address>0x23</run_address>
         <size>0x1f</size>
         <input_file_ref idref="fl-13b"/>
      </object_component>
      <object_component id="oc-1b">
         <name>.debug_pubnames</name>
         <load_address>0x42</load_address>
         <run_address>0x42</run_address>
         <size>0x2b</size>
         <input_file_ref idref="fl-13c"/>
      </object_component>
      <object_component id="oc-1f">
         <name>.debug_pubnames</name>
         <load_address>0x6d</load_address>
         <run_address>0x6d</run_address>
         <size>0x25</size>
         <input_file_ref idref="fl-13e"/>
      </object_component>
      <object_component id="oc-26">
         <name>.debug_pubnames</name>
         <load_address>0x92</load_address>
         <run_address>0x92</run_address>
         <size>0x2c</size>
         <input_file_ref idref="fl-13d"/>
      </object_component>
      <object_component id="oc-2c">
         <name>.debug_pubnames</name>
         <load_address>0xbe</load_address>
         <run_address>0xbe</run_address>
         <size>0x1f</size>
         <input_file_ref idref="fl-b"/>
      </object_component>
      <object_component id="oc-32">
         <name>.debug_pubnames</name>
         <load_address>0xdd</load_address>
         <run_address>0xdd</run_address>
         <size>0x1c</size>
         <input_file_ref idref="fl-b"/>
      </object_component>
      <object_component id="oc-38">
         <name>.debug_pubnames</name>
         <load_address>0xf9</load_address>
         <run_address>0xf9</run_address>
         <size>0x1f</size>
         <input_file_ref idref="fl-b"/>
      </object_component>
      <object_component id="oc-3e">
         <name>.debug_pubnames</name>
         <load_address>0x118</load_address>
         <run_address>0x118</run_address>
         <size>0x28</size>
         <input_file_ref idref="fl-b"/>
      </object_component>
      <object_component id="oc-44">
         <name>.debug_pubnames</name>
         <load_address>0x140</load_address>
         <run_address>0x140</run_address>
         <size>0x2e</size>
         <input_file_ref idref="fl-7"/>
      </object_component>
      <object_component id="oc-49">
         <name>.debug_pubnames</name>
         <load_address>0x16e</load_address>
         <run_address>0x16e</run_address>
         <size>0x2a</size>
         <input_file_ref idref="fl-6"/>
      </object_component>
      <object_component id="oc-53">
         <name>.debug_pubnames</name>
         <load_address>0x198</load_address>
         <run_address>0x198</run_address>
         <size>0x37</size>
         <input_file_ref idref="fl-147"/>
      </object_component>
      <object_component id="oc-59">
         <name>.debug_pubnames</name>
         <load_address>0x1cf</load_address>
         <run_address>0x1cf</run_address>
         <size>0x21</size>
         <input_file_ref idref="fl-146"/>
      </object_component>
      <object_component id="oc-5f">
         <name>.debug_pubnames</name>
         <load_address>0x1f0</load_address>
         <run_address>0x1f0</run_address>
         <size>0x35</size>
         <input_file_ref idref="fl-13f"/>
      </object_component>
      <object_component id="oc-62">
         <name>.debug_pubnames</name>
         <load_address>0x225</load_address>
         <run_address>0x225</run_address>
         <size>0x23</size>
         <input_file_ref idref="fl-143"/>
      </object_component>
      <object_component id="oc-68">
         <name>.debug_pubnames</name>
         <load_address>0x248</load_address>
         <run_address>0x248</run_address>
         <size>0x1d</size>
         <input_file_ref idref="fl-141"/>
      </object_component>
      <object_component id="oc-7b">
         <name>.debug_pubnames</name>
         <load_address>0x265</load_address>
         <run_address>0x265</run_address>
         <size>0x2f</size>
         <input_file_ref idref="fl-13d"/>
      </object_component>
      <object_component id="oc-8a">
         <name>.debug_pubnames</name>
         <load_address>0x294</load_address>
         <run_address>0x294</run_address>
         <size>0x108</size>
         <input_file_ref idref="fl-a"/>
      </object_component>
      <object_component id="oc-8e">
         <name>.debug_pubnames</name>
         <load_address>0x39c</load_address>
         <run_address>0x39c</run_address>
         <size>0x29</size>
         <input_file_ref idref="fl-a"/>
      </object_component>
      <object_component id="oc-95">
         <name>.debug_pubnames</name>
         <load_address>0x3c5</load_address>
         <run_address>0x3c5</run_address>
         <size>0x29</size>
         <input_file_ref idref="fl-a"/>
      </object_component>
      <object_component id="oc-a8">
         <name>.debug_pubnames</name>
         <load_address>0x3ee</load_address>
         <run_address>0x3ee</run_address>
         <size>0x1e</size>
         <input_file_ref idref="fl-148"/>
      </object_component>
      <object_component id="oc-af">
         <name>.debug_pubnames</name>
         <load_address>0x40c</load_address>
         <run_address>0x40c</run_address>
         <size>0x1b</size>
         <input_file_ref idref="fl-2"/>
      </object_component>
      <object_component id="oc-b6">
         <name>.debug_pubnames</name>
         <load_address>0x427</load_address>
         <run_address>0x427</run_address>
         <size>0x28</size>
         <input_file_ref idref="fl-145"/>
      </object_component>
      <object_component id="oc-b9">
         <name>.debug_pubnames</name>
         <load_address>0x44f</load_address>
         <run_address>0x44f</run_address>
         <size>0x3a</size>
         <input_file_ref idref="fl-13f"/>
      </object_component>
      <object_component id="oc-d4">
         <name>.debug_pubnames</name>
         <load_address>0x489</load_address>
         <run_address>0x489</run_address>
         <size>0xbc</size>
         <input_file_ref idref="fl-a"/>
      </object_component>
      <object_component id="oc-d8">
         <name>.debug_pubnames</name>
         <load_address>0x545</load_address>
         <run_address>0x545</run_address>
         <size>0x34</size>
         <input_file_ref idref="fl-2"/>
      </object_component>
      <object_component id="oc-de">
         <name>.debug_pubnames</name>
         <load_address>0x579</load_address>
         <run_address>0x579</run_address>
         <size>0x1d</size>
         <input_file_ref idref="fl-140"/>
      </object_component>
      <object_component id="oc-e4">
         <name>.debug_pubnames</name>
         <load_address>0x596</load_address>
         <run_address>0x596</run_address>
         <size>0x28</size>
         <input_file_ref idref="fl-a"/>
      </object_component>
      <object_component id="oc-e9">
         <name>.debug_pubnames</name>
         <load_address>0x5be</load_address>
         <run_address>0x5be</run_address>
         <size>0x23</size>
[...]
         </contents>
      </load_segment>
      <load_segment id="lg-370" display="no" color="cyan">
         <name>SEGMENT_1</name>
         <run_address>0x20000000</run_address>
         <size>0x7940</size>
         <flags>0x6</flags>
         <contents>
            <logical_group_ref idref="lg-b"/>
            <logical_group_ref idref="lg-d"/>
            <logical_group_ref idref="lg-a"/>
         </contents>
      </load_segment>
   </logical_group_list>
   <placement_map>
      <memory_area display="yes" color="green">
         <name>FLASH</name>
         <page_id>0x0</page_id>
         <origin>0x0</origin>
         <length>0x100000</length>
         <used_space>0x1e00</used_space>
         <unused_space>0xfe200</unused_space>
         <attributes>RX</attributes>
         <usage_details>
            <allocated_space>
               <start_address>0x0</start_address>
               <size>0x208</size>
               <logical_group_ref idref="lg-3"/>
            </allocated_space>
            <allocated_space>
               <start_address>0x208</start_address>
               <size>0x19a8</size>
               <logical_group_ref idref="lg-4"/>
            </allocated_space>
            <allocated_space>
               <start_address>0x1bb0</start_address>
               <size>0x208</size>
               <logical_group_ref idref="lg-5"/>
            </allocated_space>
            <allocated_space>
               <start_address>0x1db8</start_address>
               <size>0x48</size>
               <logical_group_ref idref="lg-6"/>
            </allocated_space>
            <available_space>
               <start_address>0x1e00</start_address>
               <size>0xfe200</size>
            </available_space>
         </usage_details>
      </memory_area>
      <memory_area display="yes" color="green">
         <name>SRAM</name>
         <page_id>0x0</page_id>
         <origin>0x20000000</origin>
         <length>0x40000</length>
         <used_space>0x7940</used_space>
         <unused_space>0x386c0</unused_space>
         <attributes>RWX</attributes>
         <usage_details>
            <allocated_space>
               <start_address>0x20000000</start_address>
               <size>0x76e8</size>
               <logical_group_ref idref="lg-b"/>
            </allocated_space>
            <allocated_space>
               <start_address>0x200076e8</start_address>
               <size>0x200</size>
               <logical_group_ref idref="lg-d"/>
            </allocated_space>
            <allocated_space>
               <start_address>0x200078e8</start_address>
               <size>0x58</size>
               <logical_group_ref idref="lg-a"/>
            </allocated_space>
            <available_space>
               <start_address>0x20007940</start_address>
               <size>0x386c0</size>
            </available_space>
         </usage_details>
      </memory_area>
   </placement_map>
   <cptbl_list>
      <cptbl>
         <name>__TI_cinit_table</name>
         <cprec>
            <name>.data</name>
            <load_address>0x1db8</load_address>
            <load_size>0x1e</load_size>
            <run_address>0x200078e8</run_address>
            <run_size>0x58</run_size>
            <compression>rle</compression>
         </cprec>
         <cprec>
            <name>.bss</name>
            <load_address>0x1de8</load_address>
            <load_size>0x8</load_size>
            <run_address>0x20000000</run_address>
            <run_size>0x76e8</run_size>
            <compression>zero_init</compression>
         </cprec>
      </cptbl>
   </cptbl_list>
   <handler_table>
      <handler_table_name>__TI_handler_table</handler_table_name>
      <handler>
         <index>0x0</index>
         <name>__TI_decompress_rle24</name>
      </handler>
      <handler>
         <index>0x1</index>
         <name>__TI_decompress_none</name>
      </handler>
      <handler>
         <index>0x2</index>
         <name>__TI_zero_init</name>
      </handler>
   </handler_table>
   <symbol_table>
      <symbol id="sm-1">
         <name>__STACK_TOP</name>
         <value>0x200078e8</value>
      </symbol>
      <symbol id="sm-2">
         <name>__TI_CINIT_Base</name>
         <value>0x1df0</value>
      </symbol>
      <symbol id="sm-3">
         <name>__TI_CINIT_Limit</name>
         <value>0x1e00</value>
      </symbol>
      <symbol id="sm-4">
         <name>__TI_Handler_Table_Base</name>
         <value>0x1dd8</value>
      </symbol>
      <symbol id="sm-5">
         <name>__TI_Handler_Table_Limit</name>
         <value>0x1de4</value>
      </symbol>
      <symbol id="sm-6">
         <name>binit</name>
         <value>0xffffffff</value>
      </symbol>
      <symbol id="sm-7">
         <name>__binit__</name>
         <value>0xffffffff</value>
      </symbol>
      <symbol id="sm-8">
         <name>__STACK_SIZE</name>
         <value>0x200</value>
      </symbol>
      <symbol id="sm-9">
         <name>__STACK_END</name>
         <value>0x200078e8</value>
      </symbol>
      <symbol id="sm-a">
         <name>__c_args__</name>
         <value>0xffffffff</value>
      </symbol>
      <symbol id="sm-77">
         <name>g_ui32SysClock</name>
         <value>0x200076dc</value>
      </symbol>
      <symbol id="sm-78">
         <name>g_pUARTSemaphore</name>
         <value>0x200076d4</value>
      </symbol>
      <symbol id="sm-79">
         <name>vApplicationStackOverflowHook</name>
         <value>0x1a0b</value>
         <object_component_ref idref="oc-d5"/>
      </symbol>
      <symbol id="sm-7a">
         <name>main</name>
         <value>0xf8d</value>
         <object_component_ref idref="oc-ac"/>
      </symbol>
      <symbol id="sm-7b">
         <name>ConfigureUART</name>
         <value>0x1241</value>
         <object_component_ref idref="oc-102"/>
      </symbol>
      <symbol id="sm-ab">
         <name>pvPortMalloc</name>
         <value>0x1511</value>
         <object_component_ref idref="oc-1a4"/>
      </symbol>
      <symbol id="sm-ac">
         <name>vPortFree</name>
         <value>0x1ad3</value>
         <object_component_ref idref="oc-2f2"/>
      </symbol>
      <symbol id="sm-dd">
         <name>uxListRemove</name>
         <value>0x1963</value>
         <object_component_ref idref="oc-e6"/>
      </symbol>
      <symbol id="sm-de">
         <name>vListInsert</name>
         <value>0x18e3</value>
         <object_component_ref idref="oc-2da"/>
      </symbol>
      <symbol id="sm-df">
         <name>vListInitialiseItem</name>
         <value>0x1bab</value>
         <object_component_ref idref="oc-2fe"/>
      </symbol>
      <symbol id="sm-e0">
         <name>vListInsertEnd</name>
         <value>0x1a75</value>
         <object_component_ref idref="oc-ec"/>
      </symbol>
      <symbol id="sm-e1">
         <name>vListInitialise</name>
         <value>0x1abd</value>
         <object_component_ref idref="oc-1aa"/>
      </symbol>
      <symbol id="sm-138">
         <name>vPortYield</name>
         <value>0x1b49</value>
         <object_component_ref idref="oc-250"/>
      </symbol>
      <symbol id="sm-139">
         <name>xPortSysTickHandler</name>
         <value>0x19cd</value>
         <object_component_ref idref="oc-46"/>
      </symbol>
      <symbol id="sm-13a">
         <name>pxPortInitialiseStack</name>
         <value>0x1989</value>
         <object_component_ref idref="oc-276"/>
      </symbol>
      <symbol id="sm-13b">
         <name>vPortExitCritical</name>
         <value>0x1b11</value>
         <object_component_ref idref="oc-226"/>
      </symbol>
      <symbol id="sm-13c">
         <name>xPortStartScheduler</name>
         <value>0x186d</value>
         <object_component_ref idref="oc-1ca"/>
      </symbol>
      <symbol id="sm-13d">
         <name>vPortEnterCritical</name>
         <value>0x1afd</value>
         <object_component_ref idref="oc-232"/>
      </symbol>
      <symbol id="sm-148">
         <name>vPortStartFirstTask</name>
         <value>0xd99</value>
         <object_component_ref idref="oc-41"/>
      </symbol>
      <symbol id="sm-149">
         <name>vPortEnableVFP</name>
         <value>0xdad</value>
         <object_component_ref idref="oc-41"/>
      </symbol>
      <symbol id="sm-14a">
         <name>xPortPendSVHandler</name>
         <value>0xd1d</value>
         <object_component_ref idref="oc-41"/>
      </symbol>
      <symbol id="sm-14b">
         <name>vPortClearInterruptMask</name>
         <value>0xd75</value>
         <object_component_ref idref="oc-41"/>
      </symbol>
      <symbol id="sm-14c">
         <name>vPortSetInterruptMask</name>
         <value>0xd6b</value>
         <object_component_ref idref="oc-41"/>
      </symbol>
      <symbol id="sm-14d">
         <name>vPortSVCHandler</name>
         <value>0xd7f</value>
         <object_component_ref idref="oc-41"/>
      </symbol>
      <symbol id="sm-1c8">
         <name>xQueueCreateMutex</name>
         <value>0x15ad</value>
         <object_component_ref idref="oc-10e"/>
      </symbol>
      <symbol id="sm-1c9">
         <name>xQueueGenericSend</name>
         <value>0xc4d</value>
         <object_component_ref idref="oc-1b0"/>
      </symbol>
      <symbol id="sm-1ca">
         <name>xQueueGenericReceive</name>
         <value>0x999</value>
         <object_component_ref idref="oc-295"/>
      </symbol>
      <symbol id="sm-210">
         <name>g_ui32PulseLengthTicks</name>
         <value>0x200076d8</value>
      </symbol>
      <symbol id="sm-211">
         <name>SonarTaskInit</name>
         <value>0x889</value>
         <object_component_ref idref="oc-114"/>
      </symbol>
      <symbol id="sm-212">
         <name>delayFiveMicroseconds</name>
         <value>0x1915</value>
         <object_component_ref idref="oc-28f"/>
      </symbol>
      <symbol id="sm-3b0">
         <name>vTaskSuspendAll</name>
         <value>0x1b59</value>
         <object_component_ref idref="oc-212"/>
      </symbol>
      <symbol id="sm-3b1">
         <name>vTaskPriorityInherit</name>
         <value>0x1169</value>
         <object_component_ref idref="oc-318"/>
      </symbol>
      <symbol id="sm-3b2">
         <name>vTaskPlaceOnEventList</name>
         <value>0x17e5</value>
         <object_component_ref idref="oc-24a"/>
      </symbol>
      <symbol id="sm-3b3">
         <name>xTaskCheckForTimeOut</name>
         <value>0x1365</value>
         <object_component_ref idref="oc-238"/>
      </symbol>
      <symbol id="sm-3b4">
         <name>vTaskStartScheduler</name>
         <value>0x16d1</value>
         <object_component_ref idref="oc-11a"/>
      </symbol>
      <symbol id="sm-3b5">
         <name>vTaskPriorityDisinherit</name>
         <value>0x1561</value>
         <object_component_ref idref="oc-2e9"/>
      </symbol>
      <symbol id="sm-3b6">
         <name>vTaskDelayUntil</name>
         <value>0x146d</value>
         <object_component_ref idref="oc-289"/>
      </symbol>
      <symbol id="sm-3b7">
         <name>vTaskMissedYield</name>
         <value>0x1b79</value>
         <object_component_ref idref="oc-2d2"/>
      </symbol>
      <symbol id="sm-3b8">
         <name>xTaskResumeAll</name>
         <value>0xb71</value>
         <object_component_ref idref="oc-218"/>
      </symbol>
      <symbol id="sm-3b9">
         <name>xTaskGetTickCount</name>
         <value>0x1aa5</value>
         <object_component_ref idref="oc-283"/>
      </symbol>
      <symbol id="sm-3ba">
         <name>xTaskGenericCreate</name>
         <value>0xa95</value>
         <object_component_ref idref="oc-1bd"/>
      </symbol>
      <symbol id="sm-3bb">
         <name>pxCurrentTCB</name>
         <value>0x200078e8</value>
         <object_component_ref idref="oc-88"/>
      </symbol>
      <symbol id="sm-3bc">
         <name>vTaskSetTimeOutState</name>
         <value>0x1a8d</value>
         <object_component_ref idref="oc-22c"/>
      </symbol>
      <symbol id="sm-3bd">
         <name>xTaskIncrementTick</name>
         <value>0x769</value>
         <object_component_ref idref="oc-92"/>
      </symbol>
      <symbol id="sm-3be">
         <name>vTaskSwitchContext</name>
         <value>0xe5d</value>
         <object_component_ref idref="oc-8b"/>
      </symbol>
      <symbol id="sm-3bf">
         <name>xTaskGetCurrentTaskHandle</name>
         <value>0x1b85</value>
         <object_component_ref idref="oc-324"/>
      </symbol>
      <symbol id="sm-3c0">
         <name>xTaskRemoveFromEventList</name>
         <value>0x1085</value>
         <object_component_ref idref="oc-25c"/>
      </symbol>
      <symbol id="sm-3f1">
         <name>ResetISR</name>
         <value>0x1b99</value>
         <object_component_ref idref="oc-29"/>
      </symbol>
      <symbol id="sm-3f2">
         <name>g_pfnVectors</name>
         <value>0x0</value>
         <object_component_ref idref="oc-e"/>
      </symbol>
      <symbol id="sm-461">
         <name>UARTStdioConfig</name>
         <value>0x13c1</value>
         <object_component_ref idref="oc-190"/>
      </symbol>
      <symbol id="sm-462">
         <name>UARTwrite</name>
         <value>0x15f9</value>
         <object_component_ref idref="oc-204"/>
      </symbol>
      <symbol id="sm-463">
         <name>UARTprintf</name>
         <value>0x1a29</value>
         <object_component_ref idref="oc-108"/>
      </symbol>
      <symbol id="sm-464">
         <name>UARTvprintf</name>
         <value>0x209</value>
         <object_component_ref idref="oc-197"/>
      </symbol>
      <symbol id="sm-474">
         <name>_c_int00</name>
         <value>0x1689</value>
         <object_component_ref idref="oc-11"/>
      </symbol>
      <symbol id="sm-475">
         <name>__stack</name>
         <value>0x200076e8</value>
         <object_component_ref idref="oc-28"/>
      </symbol>
      <symbol id="sm-48c">
         <name>__TI_decompress_none</name>
         <value>0x1b69</value>
         <object_component_ref idref="oc-16"/>
      </symbol>
      <symbol id="sm-4b0">
         <name>__TI_decompress_rle24</name>
         <value>0x1ba5</value>
         <object_component_ref idref="oc-22"/>
      </symbol>
      <symbol id="sm-4c9">
         <name>__TI_zero_init</name>
         <value>0x1b25</value>
         <object_component_ref idref="oc-1c"/>
      </symbol>
      <symbol id="sm-4e8">
         <name>C$$EXIT</name>
         <value>0x17a1</value>
         <object_component_ref idref="oc-5a"/>
      </symbol>
      <symbol id="sm-4e9">
         <name>abort</name>
         <value>0x17a5</value>
         <object_component_ref idref="oc-5a"/>
      </symbol>
      <symbol id="sm-4ea">
         <name>exit</name>
         <value>0x17ad</value>
         <object_component_ref idref="oc-5a"/>
      </symbol>
      <symbol id="sm-4eb">
         <name>__TI_dtors_ptr</name>
         <value>0x2000792c</value>
         <object_component_ref idref="oc-b7"/>
      </symbol>
      <symbol id="sm-4ec">
         <name>__TI_cleanup_ptr</name>
         <value>0x20007928</value>
         <object_component_ref idref="oc-b7"/>
      </symbol>
      <symbol id="sm-4fc">
         <name>memcmp</name>
         <value>0x19ab</value>
         <object_component_ref idref="oc-db"/>
      </symbol>
      <symbol id="sm-517">
         <name>memcpy</name>
         <value>0xdbf</value>
         <object_component_ref idref="oc-64"/>
      </symbol>
      <symbol id="sm-518">
         <name>__aeabi_memcpy</name>
         <value>0xdbf</value>
         <object_component_ref idref="oc-64"/>
      </symbol>
      <symbol id="sm-519">
         <name>__aeabi_memcpy8</name>
         <value>0xdbf</value>
         <object_component_ref idref="oc-64"/>
      </symbol>
      <symbol id="sm-51a">
         <name>__aeabi_memcpy4</name>
         <value>0xdbf</value>
         <object_component_ref idref="oc-64"/>
      </symbol>
      <symbol id="sm-529">
         <name>__aeabi_memset</name>
         <value>0x100f</value>
         <object_component_ref idref="oc-2f8"/>
      </symbol>
      <symbol id="sm-52a">
         <name>memset</name>
         <value>0x1015</value>
         <object_component_ref idref="oc-2f8"/>
      </symbol>
      <symbol id="sm-52b">
         <name>__aeabi_memset8</name>
         <value>0x100f</value>
         <object_component_ref idref="oc-2f8"/>
      </symbol>
      <symbol id="sm-52c">
         <name>__aeabi_memset4</name>
         <value>0x100f</value>
         <object_component_ref idref="oc-2f8"/>
      </symbol>
      <symbol id="sm-52d">
         <name>__aeabi_memclr8</name>
         <value>0x100d</value>
         <object_component_ref idref="oc-2f8"/>
      </symbol>
      <symbol id="sm-52e">
         <name>__aeabi_memclr4</name>
         <value>0x100d</value>
         <object_component_ref idref="oc-2f8"/>
      </symbol>
      <symbol id="sm-52f">
         <name>__aeabi_memclr</name>
         <value>0x100d</value>
         <object_component_ref idref="oc-2f8"/>
      </symbol>
      <symbol id="sm-537">
         <name>main_func_sp</name>
         <value>0x2000793c</value>
         <object_component_ref idref="oc-60"/>
      </symbol>
      <symbol id="sm-547">
         <name>__aeabi_uidivmod</name>
         <value>0x1829</value>
         <object_component_ref idref="oc-20a"/>
      </symbol>
      <symbol id="sm-560">
         <name>_nop</name>
         <value>0x1af7</value>
         <object_component_ref idref="oc-12c"/>
      </symbol>
      <symbol id="sm-561">
         <name>_lock</name>
         <value>0x20007920</value>
         <object_component_ref idref="oc-b4"/>
      </symbol>
      <symbol id="sm-562">
         <name>_unlock</name>
         <value>0x20007924</value>
         <object_component_ref idref="oc-b4"/>
      </symbol>
      <symbol id="sm-563">
         <name>_register_lock</name>
         <value>0x1aef</value>
         <object_component_ref idref="oc-12c"/>
      </symbol>
      <symbol id="sm-564">
         <name>_register_unlock</name>
         <value>0x1ae9</value>
         <object_component_ref idref="oc-12c"/>
      </symbol>
      <symbol id="sm-578">
         <name>_args_main</name>
         <value>0x1a5d</value>
         <object_component_ref idref="oc-54"/>
      </symbol>
      <symbol id="sm-595">
         <name>__TI_auto_init</name>
         <value>0xef9</value>
         <object_component_ref idref="oc-4f"/>
      </symbol>
      <symbol id="sm-5ae">
         <name>copy_in</name>
         <value>0x175d</value>
         <object_component_ref idref="oc-a5"/>
      </symbol>
      <symbol id="sm-5c5">
         <name>UARTClockSourceSet</name>
         <value>0x1b9f</value>
         <object_component_ref idref="oc-18a"/>
      </symbol>
      <symbol id="sm-631">
         <name>SysCtlClockFreqSet</name>
         <value>0x415</value>
         <object_component_ref idref="oc-fc"/>
      </symbol>
      <symbol id="sm-637">
         <name>__TI_static_base__</name>
         <value>0x0</value>
      </symbol>
      <symbol id="sm-638">
         <name>__TI_args_main</name>
         <value>0x1</value>
      </symbol>
      <symbol id="sm-639">
         <name>SHT$$INIT_ARRAY$$Limit</name>
         <value>0x0</value>
      </symbol>
      <symbol id="sm-63a">
         <name>SHT$$INIT_ARRAY$$Base</name>
         <value>0x0</value>
      </symbol>
   </symbol_table>
   <title>Link successful</title>
</link_info>
