******************************************************************************
                  TI ARM Linker PC v5.1.8                      
******************************************************************************
>> Linked Tue Mar 03 14:36:15 2015

OUTPUT FILE NAME:   <freertos_demo.out>
ENTRY POINT SYMBOL: "_c_int00"  address: 0000168d


MEMORY CONFIGURATION

         name            origin    length      used     unused   attr    fill
----------------------  --------  ---------  --------  --------  ----  --------
  FLASH                 00000000   00100000  00001e04  000fe1fc  R  X
  SRAM                  20000000   00040000  00007940  000386c0  RW X


SEGMENT ALLOCATION MAP

run origin  load origin   length   init length attrs members
----------  ----------- ---------- ----------- ----- -------
00000000    00000000    00001e08   00001e08    r-x
  00000000    00000000    00000208   00000208    r-- .intvecs
  00000208    00000208    000019ac   000019ac    r-x .text
  00001bb4    00001bb4    00000208   00000208    r-- .const
  00001dc0    00001dc0    00000048   00000048    r-- .cinit
20000000    20000000    00007940   00000000    rw-
  20000000    20000000    000076e8   00000000    rw- .bss
  200076e8    200076e8    00000200   00000000    rw- .stack
  200078e8    200078e8    00000058   00000000    rw- .data


SECTION ALLOCATION MAP

 output                                  attributes/
section   page    origin      length       input sections
--------  ----  ----------  ----------   ----------------
.intvecs   0    00000000    00000208     
                  00000000    00000208     tm4c1294ncpdt_startup_ccs.obj (.intvecs)

.init_array 
*          0    00000000    00000000     UNINITIALIZED

.text      0    00000208    000019ac     
                  00000208    0000020a     uartstdio.obj (.text:UARTvprintf)
                  00000412    00000002     tm4c1294ncpdt_startup_ccs.obj (.text:FaultISR)
                  00000414    000001fc     driverlib.lib : sysctl.obj (.text:SysCtlClockFreqSet)
                  00000610    00000158     sonar_task.obj (.text:SonarTask)
                  00000768    00000120     tasks.obj (.text:xTaskIncrementTick)
                  00000888    00000110     sonar_task.obj (.text:SonarTaskInit)
                  00000998    000000fc     queue.obj (.text:xQueueGenericReceive)
                  00000a94    000000dc     tasks.obj (.text:xTaskGenericCreate)
                  00000b70    000000dc     tasks.obj (.text:xTaskResumeAll)
                  00000c4c    000000cc     queue.obj (.text:xQueueGenericSend)
                  00000d18    000000a6     portasm.obj (.text)
                  00000dbe    0000009c     rtsv7M4_T_le_v4SPD16_eabi.lib : memcpy_t2.obj (.text)
                  00000e5a    00000002     tm4c1294ncpdt_startup_ccs.obj (.text:IntDefaultHandler)
                  00000e5c    0000009c     tasks.obj (.text:vTaskSwitchContext)
                  00000ef8    00000094     rtsv7M4_T_le_v4SPD16_eabi.lib : auto_init.obj (.text)
                  00000f8c    00000080     freertos_demo.obj (.text:main)
                  0000100c    0000007a     rtsv7M4_T_le_v4SPD16_eabi.lib : memset_t2.obj (.text)
                  00001086    00000002     tm4c1294ncpdt_startup_ccs.obj (.text:NmiSR)
                  00001088    00000074     tasks.obj (.text:xTaskRemoveFromEventList)
                  000010fc    00000070     queue.obj (.text:prvCopyDataToQueue)
                  0000116c    00000070     tasks.obj (.text:vTaskPriorityInherit)
                  000011dc    00000068     tasks.obj (.text:prvInitialiseTaskLists)
                  00001244    00000064     freertos_demo.obj (.text:ConfigureUART)
                  000012a8    00000062     queue.obj (.text:prvUnlockQueue)
                  0000130a    0000005e     rtsv7M4_T_le_v4SPD16_eabi.lib : copy_decompress_rle.obj (.text)
                  00001368    0000005c     tasks.obj (.text:xTaskCheckForTimeOut)
                  000013c4    00000058     uartstdio.obj (.text:UARTStdioConfig)
                  0000141c    00000054     tasks.obj (.text:prvCheckTasksWaitingTermination)
                  00001470    00000054     tasks.obj (.text:vTaskDelayUntil)
                  000014c4    00000050     tasks.obj (.text:prvAddCurrentTaskToDelayedList)
                  00001514    00000050     heap_1.obj (.text:pvPortMalloc)
                  00001564    0000004c     tasks.obj (.text:vTaskPriorityDisinherit)
                  000015b0    0000004c     queue.obj (.text:xQueueCreateMutex)
                  000015fc    00000048     uartstdio.obj (.text:UARTwrite)
                  00001644    00000048     driverlib.lib : sysctl.obj (.text:_SysCtlFrequencyGet)
                  0000168c    00000048     rtsv7M4_T_le_v4SPD16_eabi.lib : boot.obj (.text)
                  000016d4    00000048     tasks.obj (.text:vTaskStartScheduler)
                  0000171c    00000044     tasks.obj (.text:prvInitialiseTCBVariables)
                  00001760    00000044     rtsv7M4_T_le_v4SPD16_eabi.lib : cpy_tbl.obj (.text)
                  000017a4    00000044                                   : exit.obj (.text)
                  000017e8    00000044     tasks.obj (.text:vTaskPlaceOnEventList)
                  0000182c    00000042     rtsv7M4_T_le_v4SPD16_eabi.lib : u_divt2.obj (.text)
                  0000186e    00000002     freertos_demo.obj (.text:vApplicationStackOverflowHook)
                  00001870    00000040     port.obj (.text:xPortStartScheduler)
                  000018b0    00000036     tasks.obj (.text:prvAllocateTCBAndStack)
                  000018e6    00000032     list.obj (.text:vListInsert)
                  00001918    00000028     sonar_task.obj (.text:delayFiveMicroseconds)
                  00001940    00000026     queue.obj (.text:prvCopyDataFromQueue)
                  00001966    00000026     list.obj (.text:uxListRemove)
                  0000198c    00000022     port.obj (.text:pxPortInitialiseStack)
                  000019ae    00000022     rtsv7M4_T_le_v4SPD16_eabi.lib : memcmp.obj (.text)
                  000019d0    00000020     port.obj (.text:xPortSysTickHandler)
                  000019f0    0000001e     queue.obj (.text:prvIsQueueFull)
                  00001a0e    00000002     heap_1.obj (.text:vPortFree)
                  00001a10    0000001c     driverlib.lib : sysctl.obj (.text:_SysCtlMemTimingGet)
                  00001a2c    0000001a     uartstdio.obj (.text:UARTprintf)
                  00001a46    0000001a     queue.obj (.text:prvIsQueueEmpty)
                  00001a60    00000018     rtsv7M4_T_le_v4SPD16_eabi.lib : args_main.obj (.text)
                  00001a78    00000018     list.obj (.text:vListInsertEnd)
                  00001a90    00000018     tasks.obj (.text:vTaskSetTimeOutState)
                  00001aa8    00000018     tasks.obj (.text:xTaskGetTickCount)
                  00001ac0    00000016     list.obj (.text:vListInitialise)
                  00001ad6    00000002     --HOLE-- [fill = 0]
                  00001ad8    00000014     port.obj (.text:prvSetupTimerInterrupt)
                  00001aec    00000014     rtsv7M4_T_le_v4SPD16_eabi.lib : _lock.obj (.text)
                  00001b00    00000014     port.obj (.text:vPortEnterCritical)
                  00001b14    00000014     port.obj (.text:vPortExitCritical)
                  00001b28    00000012     rtsv7M4_T_le_v4SPD16_eabi.lib : copy_zero_init.obj (.text:decompress:ZI)
                  00001b3a    00000012     tasks.obj (.text:prvDeleteTCB)
                  00001b4c    00000010     port.obj (.text:vPortYield)
                  00001b5c    00000010     tasks.obj (.text:vTaskSuspendAll)
                  00001b6c    0000000e     rtsv7M4_T_le_v4SPD16_eabi.lib : copy_decompress_none.obj (.text:decompress:none)
                  00001b7a    00000002     --HOLE-- [fill = 0]
                  00001b7c    0000000c     tasks.obj (.text:vTaskMissedYield)
                  00001b88    0000000c     tasks.obj (.text:xTaskGetCurrentTaskHandle)
                  00001b94    00000008     tasks.obj (.text:prvIdleTask)
                  00001b9c    00000006     tm4c1294ncpdt_startup_ccs.obj (.text:ResetISR)
                  00001ba2    00000006     driverlib.lib : uart.obj (.text:UARTClockSourceSet)
                  00001ba8    00000006     rtsv7M4_T_le_v4SPD16_eabi.lib : copy_decompress_rle.obj (.text:decompress:rle24)
                  00001bae    00000006     list.obj (.text:vListInitialiseItem)

.const     0    00001bb4    00000208     
                  00001bb4    00000120     driverlib.lib : sysctl.obj (.const:g_pppui32XTALtoVCO)
                  00001cd4    0000006c                   : sysctl.obj (.const:g_pui32Xtals)
                  00001d40    00000030                   : sysctl.obj (.const:g_sXTALtoMEMTIM)
                  00001d70    0000001c     uartstdio.obj (.const)
                  00001d8c    00000014     tasks.obj (.const:.string)
                  00001da0    00000012     uartstdio.obj (.const:.string)
                  00001db2    00000002     --HOLE-- [fill = 0]
                  00001db4    00000008     driverlib.lib : sysctl.obj (.const)

.cinit     0    00001dc0    00000048     
                  00001dc0    0000001e     (.cinit..data.load) [load image, compression = rle]
                  00001dde    00000002     --HOLE-- [fill = 0]
                  00001de0    0000000c     (__TI_handler_table)
                  00001dec    00000004     --HOLE-- [fill = 0]
                  00001df0    00000008     (.cinit..bss.load) [load image, compression = zero_init]
                  00001df8    00000010     (__TI_cinit_table)

.bss       0    20000000    000076e8     UNINITIALIZED
                  20000000    00007530     heap_1.obj (.bss:ucHeap)
                  20007530    00000140     tasks.obj (.bss:pxReadyTasksLists)
                  20007670    00000014     (.common:xDelayedTaskList1)
                  20007684    00000014     (.common:xDelayedTaskList2)
                  20007698    00000014     (.common:xPendingReadyList)
                  200076ac    00000014     (.common:xSuspendedTaskList)
                  200076c0    00000014     (.common:xTasksWaitingTermination)
                  200076d4    00000004     (.common:g_pUARTSemaphore)
                  200076d8    00000004     (.common:g_ui32PulseLengthTicks)
                  200076dc    00000004     (.common:g_ui32SysClock)
                  200076e0    00000004     (.common:pxDelayedTaskList)
                  200076e4    00000004     (.common:pxOverflowDelayedTaskList)

.stack     0    200076e8    00000200     UNINITIALIZED
                  200076e8    00000200     --HOLE--

.data      0    200078e8    00000058     UNINITIALIZED
                  200078e8    00000030     tasks.obj (.data)
                  20007918    00000008     heap_1.obj (.data)
                  20007920    00000008     rtsv7M4_T_le_v4SPD16_eabi.lib : _lock.obj (.data)
                  20007928    00000008                                   : exit.obj (.data)
                  20007930    00000005     uartstdio.obj (.data)
                  20007935    00000003     --HOLE--
                  20007938    00000004     port.obj (.data)
                  2000793c    00000004     rtsv7M4_T_le_v4SPD16_eabi.lib : stkdepth_vars.obj (.data)


LINKER GENERATED COPY TABLES

__TI_cinit_table @ 00001df8 records: 2, size/record: 8, table size: 16
	.data: load addr=00001dc0, load size=0000001e bytes, run addr=200078e8, run size=00000058 bytes, compression=rle
	.bss: load addr=00001df0, load size=00000008 bytes, run addr=20000000, run size=000076e8 bytes, compression=zero_init


LINKER GENERATED HANDLER TABLE

__TI_handler_table @ 00001de0 records: 3, size/record: 4, table size: 12
	index: 0, handler: __TI_decompress_rle24
	index: 1, handler: __TI_decompress_none
	index: 2, handler: __TI_zero_init


GLOBAL SYMBOLS: SORTED ALPHABETICALLY BY Name 

address    name
--------   ----
000017a5   C$$EXIT
00001245   ConfigureUART
00001b9d   ResetISR
UNDEFED    SHT$$INIT_ARRAY$$Base
UNDEFED    SHT$$INIT_ARRAY$$Limit
00000889   SonarTaskInit
00000415   SysCtlClockFreqSet
00001ba3   UARTClockSourceSet
000013c5   UARTStdioConfig
00001a2d   UARTprintf
00000209   UARTvprintf
000015fd   UARTwrite
200078e8   __STACK_END
00000200   __STACK_SIZE
200078e8   __STACK_TOP
00001df8   __TI_CINIT_Base
00001e08   __TI_CINIT_Limit
00001de0   __TI_Handler_Table_Base
00001dec   __TI_Handler_Table_Limit
00000001   __TI_args_main
00000ef9   __TI_auto_init
20007928   __TI_cleanup_ptr
00001b6d   __TI_decompress_none
00001ba9   __TI_decompress_rle24
2000792c   __TI_dtors_ptr
00000000   __TI_static_base__
00001b29   __TI_zero_init
0000100d   __aeabi_memclr
0000100d   __aeabi_memclr4
0000100d   __aeabi_memclr8
00000dbf   __aeabi_memcpy
00000dbf   __aeabi_memcpy4
00000dbf   __aeabi_memcpy8
0000100f   __aeabi_memset
0000100f   __aeabi_memset4
0000100f   __aeabi_memset8
0000182d   __aeabi_uidivmod
ffffffff   __binit__
ffffffff   __c_args__
200076e8   __stack
00001a61   _args_main
0000168d   _c_int00
20007920   _lock
00001afb   _nop
00001af3   _register_lock
00001aed   _register_unlock
20007924   _unlock
000017a9   abort
ffffffff   binit
00001761   copy_in
00001919   delayFiveMicroseconds
000017b1   exit
200076d4   g_pUARTSemaphore
00000000   g_pfnVectors
200076d8   g_ui32PulseLengthTicks
200076dc   g_ui32SysClock
00000f8d   main
2000793c   main_func_sp
000019af   memcmp
00000dbf   memcpy
00001015   memset
00001515   pvPortMalloc
200078e8   pxCurrentTCB
0000198d   pxPortInitialiseStack
00001967   uxListRemove
0000186f   vApplicationStackOverflowHook
00001ac1   vListInitialise
00001baf   vListInitialiseItem
000018e7   vListInsert
00001a79   vListInsertEnd
00000d75   vPortClearInterruptMask
00000dad   vPortEnableVFP
00001b01   vPortEnterCritical
00001b15   vPortExitCritical
00001a0f   vPortFree
00000d7f   vPortSVCHandler
00000d6b   vPortSetInterruptMask
00000d99   vPortStartFirstTask
00001b4d   vPortYield
00001471   vTaskDelayUntil
00001b7d   vTaskMissedYield
000017e9   vTaskPlaceOnEventList
00001565   vTaskPriorityDisinherit
0000116d   vTaskPriorityInherit
00001a91   vTaskSetTimeOutState
000016d5   vTaskStartScheduler
00001b5d   vTaskSuspendAll
00000e5d   vTaskSwitchContext
00000d1d   xPortPendSVHandler
00001871   xPortStartScheduler
000019d1   xPortSysTickHandler
000015b1   xQueueCreateMutex
00000999   xQueueGenericReceive
00000c4d   xQueueGenericSend
00001369   xTaskCheckForTimeOut
00000a95   xTaskGenericCreate
00001b89   xTaskGetCurrentTaskHandle
00001aa9   xTaskGetTickCount
00000769   xTaskIncrementTick
00001089   xTaskRemoveFromEventList
00000b71   xTaskResumeAll


GLOBAL SYMBOLS: SORTED BY Symbol Address 

address    name
--------   ----
00000000   __TI_static_base__
00000000   g_pfnVectors
00000001   __TI_args_main
00000200   __STACK_SIZE
00000209   UARTvprintf
00000415   SysCtlClockFreqSet
00000769   xTaskIncrementTick
00000889   SonarTaskInit
00000999   xQueueGenericReceive
00000a95   xTaskGenericCreate
00000b71   xTaskResumeAll
00000c4d   xQueueGenericSend
00000d1d   xPortPendSVHandler
00000d6b   vPortSetInterruptMask
00000d75   vPortClearInterruptMask
00000d7f   vPortSVCHandler
00000d99   vPortStartFirstTask
00000dad   vPortEnableVFP
00000dbf   __aeabi_memcpy
00000dbf   __aeabi_memcpy4
00000dbf   __aeabi_memcpy8
00000dbf   memcpy
00000e5d   vTaskSwitchContext
00000ef9   __TI_auto_init
00000f8d   main
0000100d   __aeabi_memclr
0000100d   __aeabi_memclr4
0000100d   __aeabi_memclr8
0000100f   __aeabi_memset
0000100f   __aeabi_memset4
0000100f   __aeabi_memset8
00001015   memset
00001089   xTaskRemoveFromEventList
0000116d   vTaskPriorityInherit
00001245   ConfigureUART
00001369   xTaskCheckForTimeOut
000013c5   UARTStdioConfig
00001471   vTaskDelayUntil
00001515   pvPortMalloc
00001565   vTaskPriorityDisinherit
000015b1   xQueueCreateMutex
000015fd   UARTwrite
0000168d   _c_int00
000016d5   vTaskStartScheduler
00001761   copy_in
000017a5   C$$EXIT
000017a9   abort
000017b1   exit
000017e9   vTaskPlaceOnEventList
0000182d   __aeabi_uidivmod
0000186f   vApplicationStackOverflowHook
00001871   xPortStartScheduler
000018e7   vListInsert
00001919   delayFiveMicroseconds
00001967   uxListRemove
0000198d   pxPortInitialiseStack
000019af   memcmp
000019d1   xPortSysTickHandler
00001a0f   vPortFree
00001a2d   UARTprintf
00001a61   _args_main
00001a79   vListInsertEnd
00001a91   vTaskSetTimeOutState
00001aa9   xTaskGetTickCount
00001ac1   vListInitialise
00001aed   _register_unlock
00001af3   _register_lock
00001afb   _nop
00001b01   vPortEnterCritical
00001b15   vPortExitCritical
00001b29   __TI_zero_init
00001b4d   vPortYield
00001b5d   vTaskSuspendAll
00001b6d   __TI_decompress_none
00001b7d   vTaskMissedYield
00001b89   xTaskGetCurrentTaskHandle
00001b9d   ResetISR
00001ba3   UARTClockSourceSet
00001ba9   __TI_decompress_rle24
00001baf   vListInitialiseItem
00001de0   __TI_Handler_Table_Base
00001dec   __TI_Handler_Table_Limit
00001df8   __TI_CINIT_Base
00001e08   __TI_CINIT_Limit
200076d4   g_pUARTSemaphore
200076d8   g_ui32PulseLengthTicks
200076dc   g_ui32SysClock
200076e8   __stack
200078e8   __STACK_END
200078e8   __STACK_TOP
200078e8   pxCurrentTCB
20007920   _lock
20007924   _unlock
20007928   __TI_cleanup_ptr
2000792c   __TI_dtors_ptr
2000793c   main_func_sp
ffffffff   __binit__
ffffffff   __c_args__
ffffffff   binit
UNDEFED    SHT$$INIT_ARRAY$$Base
UNDEFED    SHT$$INIT_ARRAY$$Limit

[101 symbols]
